Archive member included to satisfy reference by file (symbol)

../2D_Radar_bsp/\libhal_bsp.a(alt_load.o)
                              ../2D_Radar_bsp//obj/HAL/src/crt0.o (alt_load)
../2D_Radar_bsp/\libhal_bsp.a(alt_main.o)
                              ../2D_Radar_bsp//obj/HAL/src/crt0.o (alt_main)
../2D_Radar_bsp/\libhal_bsp.a(alt_sys_init.o)
                              ../2D_Radar_bsp/\libhal_bsp.a(alt_main.o) (alt_irq_init)
../2D_Radar_bsp/\libhal_bsp.a(altera_avalon_jtag_uart_fd.o)
                              ../2D_Radar_bsp/\libhal_bsp.a(alt_sys_init.o) (altera_avalon_jtag_uart_read_fd)
../2D_Radar_bsp/\libhal_bsp.a(altera_avalon_jtag_uart_init.o)
                              ../2D_Radar_bsp/\libhal_bsp.a(alt_sys_init.o) (altera_avalon_jtag_uart_init)
../2D_Radar_bsp/\libhal_bsp.a(altera_avalon_jtag_uart_ioctl.o)
                              ../2D_Radar_bsp/\libhal_bsp.a(altera_avalon_jtag_uart_fd.o) (altera_avalon_jtag_uart_ioctl)
../2D_Radar_bsp/\libhal_bsp.a(altera_avalon_jtag_uart_read.o)
                              ../2D_Radar_bsp/\libhal_bsp.a(altera_avalon_jtag_uart_fd.o) (altera_avalon_jtag_uart_read)
../2D_Radar_bsp/\libhal_bsp.a(altera_avalon_jtag_uart_write.o)
                              ../2D_Radar_bsp/\libhal_bsp.a(altera_avalon_jtag_uart_fd.o) (altera_avalon_jtag_uart_write)
../2D_Radar_bsp/\libhal_bsp.a(altera_avalon_timer_sc.o)
                              ../2D_Radar_bsp/\libhal_bsp.a(alt_sys_init.o) (alt_avalon_timer_sc_init)
../2D_Radar_bsp/\libhal_bsp.a(alt_alarm_start.o)
                              ../2D_Radar_bsp/\libhal_bsp.a(altera_avalon_jtag_uart_init.o) (alt_alarm_start)
../2D_Radar_bsp/\libhal_bsp.a(alt_close.o)
                              ../2D_Radar_bsp/\libhal_bsp.a(alt_main.o) (close)
../2D_Radar_bsp/\libhal_bsp.a(alt_dcache_flush_all.o)
                              ../2D_Radar_bsp/\libhal_bsp.a(alt_load.o) (alt_dcache_flush_all)
../2D_Radar_bsp/\libhal_bsp.a(alt_dev.o)
                              ../2D_Radar_bsp/\libhal_bsp.a(alt_sys_init.o) (alt_dev_list)
../2D_Radar_bsp/\libhal_bsp.a(alt_dev_llist_insert.o)
                              ../2D_Radar_bsp/\libhal_bsp.a(alt_sys_init.o) (alt_dev_llist_insert)
../2D_Radar_bsp/\libhal_bsp.a(alt_do_ctors.o)
                              ../2D_Radar_bsp/\libhal_bsp.a(alt_main.o) (_do_ctors)
../2D_Radar_bsp/\libhal_bsp.a(alt_do_dtors.o)
                              ../2D_Radar_bsp/\libhal_bsp.a(alt_main.o) (_do_dtors)
../2D_Radar_bsp/\libhal_bsp.a(alt_errno.o)
                              ../2D_Radar_bsp/\libhal_bsp.a(alt_close.o) (alt_errno)
../2D_Radar_bsp/\libhal_bsp.a(alt_icache_flush_all.o)
                              ../2D_Radar_bsp/\libhal_bsp.a(alt_load.o) (alt_icache_flush_all)
../2D_Radar_bsp/\libhal_bsp.a(alt_iic.o)
                              ../2D_Radar_bsp/\libhal_bsp.a(altera_avalon_jtag_uart_init.o) (alt_ic_isr_register)
../2D_Radar_bsp/\libhal_bsp.a(alt_iic_isr_register.o)
                              ../2D_Radar_bsp/\libhal_bsp.a(alt_iic.o) (alt_iic_isr_register)
../2D_Radar_bsp/\libhal_bsp.a(alt_io_redirect.o)
                              ../2D_Radar_bsp/\libhal_bsp.a(alt_main.o) (alt_io_redirect)
../2D_Radar_bsp/\libhal_bsp.a(alt_irq_entry.o)
                              ../2D_Radar_bsp/\libhal_bsp.a(alt_iic_isr_register.o) (alt_irq_entry)
../2D_Radar_bsp/\libhal_bsp.a(alt_irq_handler.o)
                              ../2D_Radar_bsp/\libhal_bsp.a(alt_iic_isr_register.o) (alt_irq)
../2D_Radar_bsp/\libhal_bsp.a(alt_irq_vars.o)
                              ../2D_Radar_bsp/\libhal_bsp.a(alt_iic.o) (alt_irq_active)
../2D_Radar_bsp/\libhal_bsp.a(alt_open.o)
                              ../2D_Radar_bsp/\libhal_bsp.a(alt_io_redirect.o) (open)
../2D_Radar_bsp/\libhal_bsp.a(alt_release_fd.o)
                              ../2D_Radar_bsp/\libhal_bsp.a(alt_close.o) (alt_release_fd)
../2D_Radar_bsp/\libhal_bsp.a(alt_tick.o)
                              ../2D_Radar_bsp/\libhal_bsp.a(altera_avalon_jtag_uart_init.o) (_alt_tick_rate)
../2D_Radar_bsp/\libhal_bsp.a(altera_nios2_gen2_irq.o)
                              ../2D_Radar_bsp/\libhal_bsp.a(alt_sys_init.o) (altera_nios2_gen2_irq_init)
../2D_Radar_bsp/\libhal_bsp.a(alt_exception_entry.o)
                              ../2D_Radar_bsp/\libhal_bsp.a(alt_irq_entry.o) (alt_exception)
../2D_Radar_bsp/\libhal_bsp.a(alt_find_dev.o)
                              ../2D_Radar_bsp/\libhal_bsp.a(alt_open.o) (alt_find_dev)
../2D_Radar_bsp/\libhal_bsp.a(alt_find_file.o)
                              ../2D_Radar_bsp/\libhal_bsp.a(alt_open.o) (alt_find_file)
../2D_Radar_bsp/\libhal_bsp.a(alt_get_fd.o)
                              ../2D_Radar_bsp/\libhal_bsp.a(alt_open.o) (alt_get_fd)
../2D_Radar_bsp/\libhal_bsp.a(alt_instruction_exception_entry.o)
                              ../2D_Radar_bsp/\libhal_bsp.a(alt_exception_entry.o) (alt_instruction_exception_entry)
e:/intelfpga_lite/18.1/nios2eds/bin/gnu/h-x86_64-mingw32/bin/../lib/gcc/nios2-elf/5.3.0/../../../../../H-x86_64-mingw32/nios2-elf/lib/mno-hw-mul\libc.a(lib_a-atexit.o)
                              ../2D_Radar_bsp/\libhal_bsp.a(alt_main.o) (atexit)
e:/intelfpga_lite/18.1/nios2eds/bin/gnu/h-x86_64-mingw32/bin/../lib/gcc/nios2-elf/5.3.0/../../../../../H-x86_64-mingw32/nios2-elf/lib/mno-hw-mul\libc.a(lib_a-exit.o)
                              ../2D_Radar_bsp/\libhal_bsp.a(alt_main.o) (exit)
e:/intelfpga_lite/18.1/nios2eds/bin/gnu/h-x86_64-mingw32/bin/../lib/gcc/nios2-elf/5.3.0/../../../../../H-x86_64-mingw32/nios2-elf/lib/mno-hw-mul\libc.a(lib_a-impure.o)
                              e:/intelfpga_lite/18.1/nios2eds/bin/gnu/h-x86_64-mingw32/bin/../lib/gcc/nios2-elf/5.3.0/../../../../../H-x86_64-mingw32/nios2-elf/lib/mno-hw-mul\libc.a(lib_a-exit.o) (_global_impure_ptr)
e:/intelfpga_lite/18.1/nios2eds/bin/gnu/h-x86_64-mingw32/bin/../lib/gcc/nios2-elf/5.3.0/../../../../../H-x86_64-mingw32/nios2-elf/lib/mno-hw-mul\libc.a(lib_a-int_errno.o)
                              ../2D_Radar_bsp/\libhal_bsp.a(alt_close.o) (errno)
e:/intelfpga_lite/18.1/nios2eds/bin/gnu/h-x86_64-mingw32/bin/../lib/gcc/nios2-elf/5.3.0/../../../../../H-x86_64-mingw32/nios2-elf/lib/mno-hw-mul\libc.a(lib_a-memcmp.o)
                              ../2D_Radar_bsp/\libhal_bsp.a(alt_find_dev.o) (memcmp)
e:/intelfpga_lite/18.1/nios2eds/bin/gnu/h-x86_64-mingw32/bin/../lib/gcc/nios2-elf/5.3.0/../../../../../H-x86_64-mingw32/nios2-elf/lib/mno-hw-mul\libc.a(lib_a-memcpy.o)
                              ../2D_Radar_bsp/\libhal_bsp.a(altera_avalon_jtag_uart_read.o) (memcpy)
e:/intelfpga_lite/18.1/nios2eds/bin/gnu/h-x86_64-mingw32/bin/../lib/gcc/nios2-elf/5.3.0/../../../../../H-x86_64-mingw32/nios2-elf/lib/mno-hw-mul\libc.a(lib_a-strlen.o)
                              ../2D_Radar_bsp/\libhal_bsp.a(alt_find_dev.o) (strlen)
e:/intelfpga_lite/18.1/nios2eds/bin/gnu/h-x86_64-mingw32/bin/../lib/gcc/nios2-elf/5.3.0/../../../../../H-x86_64-mingw32/nios2-elf/lib/mno-hw-mul\libc.a(lib_a-__atexit.o)
                              e:/intelfpga_lite/18.1/nios2eds/bin/gnu/h-x86_64-mingw32/bin/../lib/gcc/nios2-elf/5.3.0/../../../../../H-x86_64-mingw32/nios2-elf/lib/mno-hw-mul\libc.a(lib_a-atexit.o) (__register_exitproc)
e:/intelfpga_lite/18.1/nios2eds/bin/gnu/h-x86_64-mingw32/bin/../lib/gcc/nios2-elf/5.3.0/../../../../../H-x86_64-mingw32/nios2-elf/lib/mno-hw-mul\libc.a(lib_a-__call_atexit.o)
                              e:/intelfpga_lite/18.1/nios2eds/bin/gnu/h-x86_64-mingw32/bin/../lib/gcc/nios2-elf/5.3.0/../../../../../H-x86_64-mingw32/nios2-elf/lib/mno-hw-mul\libc.a(lib_a-exit.o) (__call_exitprocs)
e:/intelfpga_lite/18.1/nios2eds/bin/gnu/h-x86_64-mingw32/bin/../lib/gcc/nios2-elf/5.3.0/mno-hw-mul\libgcc.a(lib2-mul.o)
                              ../2D_Radar_bsp/\libhal_bsp.a(alt_close.o) (__mulsi3)
../2D_Radar_bsp/\libhal_bsp.a(alt_exit.o)
                              e:/intelfpga_lite/18.1/nios2eds/bin/gnu/h-x86_64-mingw32/bin/../lib/gcc/nios2-elf/5.3.0/../../../../../H-x86_64-mingw32/nios2-elf/lib/mno-hw-mul\libc.a(lib_a-exit.o) (_exit)

Allocating common symbols
Common symbol       size              file

alt_irq             0x100             ../2D_Radar_bsp/\libhal_bsp.a(alt_irq_handler.o)
errno               0x4               e:/intelfpga_lite/18.1/nios2eds/bin/gnu/h-x86_64-mingw32/bin/../lib/gcc/nios2-elf/5.3.0/../../../../../H-x86_64-mingw32/nios2-elf/lib/mno-hw-mul\libc.a(lib_a-int_errno.o)

Memory Configuration

Name             Origin             Length             Attributes
reset            0x0000000000000000 0x0000000000000020
SDRAM            0x0000000000000020 0x0000000003ffffe0
Onchip_SRAM      0x0000000008000000 0x0000000000010000
*default*        0x0000000000000000 0xffffffffffffffff

Linker script and memory map

LOAD ../2D_Radar_bsp//obj/HAL/src/crt0.o
LOAD e:/intelfpga_lite/18.1/nios2eds/bin/gnu/h-x86_64-mingw32/bin/../lib/gcc/nios2-elf/5.3.0/../../../../../H-x86_64-mingw32/nios2-elf/lib/mno-hw-mul\libstdc++.a
LOAD e:/intelfpga_lite/18.1/nios2eds/bin/gnu/h-x86_64-mingw32/bin/../lib/gcc/nios2-elf/5.3.0/../../../../../H-x86_64-mingw32/nios2-elf/lib/mno-hw-mul\libm.a
LOAD e:/intelfpga_lite/18.1/nios2eds/bin/gnu/h-x86_64-mingw32/bin/../lib/gcc/nios2-elf/5.3.0/mno-hw-mul\libgcc.a
START GROUP
LOAD e:/intelfpga_lite/18.1/nios2eds/bin/gnu/h-x86_64-mingw32/bin/../lib/gcc/nios2-elf/5.3.0/../../../../../H-x86_64-mingw32/nios2-elf/lib/mno-hw-mul\libc.a
LOAD e:/intelfpga_lite/18.1/nios2eds/bin/gnu/h-x86_64-mingw32/bin/../lib/gcc/nios2-elf/5.3.0/mno-hw-mul\libgcc.a
LOAD ../2D_Radar_bsp/\libhal_bsp.a
LOAD e:/intelfpga_lite/18.1/nios2eds/bin/gnu/h-x86_64-mingw32/bin/../lib/gcc/nios2-elf/5.3.0/../../../../../H-x86_64-mingw32/nios2-elf/lib/mno-hw-mul\libm.a
END GROUP
LOAD e:/intelfpga_lite/18.1/nios2eds/bin/gnu/h-x86_64-mingw32/bin/../lib/gcc/nios2-elf/5.3.0/mno-hw-mul\libgcc.a
                0x0000000000000000                __alt_mem_SDRAM = 0x0
                0x0000000008000000                __alt_mem_Onchip_SRAM = 0x8000000

.entry          0x0000000000000000       0x20
 *(.entry)
 .entry         0x0000000000000000       0x20 ../2D_Radar_bsp//obj/HAL/src/crt0.o
                0x0000000000000000                __reset

.exceptions     0x0000000000000020      0x210
                0x0000000000000020                PROVIDE (__ram_exceptions_start, ABSOLUTE (.))
                0x0000000000000020                . = ALIGN (0x20)
 *(.irq)
 *(.exceptions.entry.label)
 .exceptions.entry.label
                0x0000000000000020        0x0 ../2D_Radar_bsp/\libhal_bsp.a(alt_irq_entry.o)
                0x0000000000000020                alt_irq_entry
 .exceptions.entry.label
                0x0000000000000020        0x0 ../2D_Radar_bsp/\libhal_bsp.a(alt_exception_entry.o)
                0x0000000000000020                alt_exception
 *(.exceptions.entry.user)
 *(.exceptions.entry.ecc_fatal)
 *(.exceptions.entry)
 .exceptions.entry
                0x0000000000000020       0x54 ../2D_Radar_bsp/\libhal_bsp.a(alt_exception_entry.o)
 *(.exceptions.irqtest.user)
 *(.exceptions.irqtest)
 .exceptions.irqtest
                0x0000000000000074       0x10 ../2D_Radar_bsp/\libhal_bsp.a(alt_irq_entry.o)
 *(.exceptions.irqhandler.user)
 *(.exceptions.irqhandler)
 .exceptions.irqhandler
                0x0000000000000084        0x4 ../2D_Radar_bsp/\libhal_bsp.a(alt_irq_entry.o)
 *(.exceptions.irqreturn.user)
 *(.exceptions.irqreturn)
 .exceptions.irqreturn
                0x0000000000000088        0x4 ../2D_Radar_bsp/\libhal_bsp.a(alt_irq_entry.o)
 *(.exceptions.notirq.label)
 .exceptions.notirq.label
                0x000000000000008c        0x0 ../2D_Radar_bsp/\libhal_bsp.a(alt_irq_entry.o)
 *(.exceptions.notirq.user)
 *(.exceptions.notirq)
 .exceptions.notirq
                0x000000000000008c        0x8 ../2D_Radar_bsp/\libhal_bsp.a(alt_exception_entry.o)
 *(.exceptions.soft.user)
 *(.exceptions.soft)
 *(.exceptions.unknown.user)
 *(.exceptions.unknown)
 .exceptions.unknown
                0x0000000000000094       0x14 ../2D_Radar_bsp/\libhal_bsp.a(alt_exception_entry.o)
 *(.exceptions.exit.label)
 .exceptions.exit.label
                0x00000000000000a8        0x0 ../2D_Radar_bsp/\libhal_bsp.a(alt_irq_entry.o)
 .exceptions.exit.label
                0x00000000000000a8        0x0 ../2D_Radar_bsp/\libhal_bsp.a(alt_exception_entry.o)
 *(.exceptions.exit.user)
 *(.exceptions.exit)
 .exceptions.exit
                0x00000000000000a8       0x54 ../2D_Radar_bsp/\libhal_bsp.a(alt_exception_entry.o)
 *(.exceptions)
 .exceptions    0x00000000000000fc       0xd4 ../2D_Radar_bsp/\libhal_bsp.a(alt_irq_handler.o)
                0x00000000000000fc                alt_irq_handler
 .exceptions    0x00000000000001d0       0x60 ../2D_Radar_bsp/\libhal_bsp.a(alt_instruction_exception_entry.o)
                0x00000000000001d0                alt_instruction_exception_entry
                0x0000000000000230                PROVIDE (__ram_exceptions_end, ABSOLUTE (.))
                0x0000000000000020                PROVIDE (__flash_exceptions_start, LOADADDR (.exceptions))

.text           0x0000000000000230     0x2380
                [!provide]                        PROVIDE (stext, ABSOLUTE (.))
 *(.interp)
 *(.hash)
 *(.dynsym)
 *(.dynstr)
 *(.gnu.version)
 *(.gnu.version_d)
 *(.gnu.version_r)
 *(.rel.init)
 *(.rela.init)
 *(.rel.text .rel.text.* .rel.gnu.linkonce.t.*)
 *(.rela.text .rela.text.* .rela.gnu.linkonce.t.*)
 *(.rel.fini)
 *(.rela.fini)
 *(.rel.rodata .rel.rodata.* .rel.gnu.linkonce.r.*)
 *(.rela.rodata .rela.rodata.* .rela.gnu.linkonce.r.*)
 *(.rel.data .rel.data.* .rel.gnu.linkonce.d.*)
 *(.rela.data .rela.data.* .rela.gnu.linkonce.d.*)
 *(.rel.tdata .rel.tdata.* .rel.gnu.linkonce.td.*)
 *(.rela.tdata .rela.tdata.* .rela.gnu.linkonce.td.*)
 *(.rel.tbss .rel.tbss.* .rel.gnu.linkonce.tb.*)
 *(.rela.tbss .rela.tbss.* .rela.gnu.linkonce.tb.*)
 *(.rel.ctors)
 *(.rela.ctors)
 *(.rel.dtors)
 *(.rela.dtors)
 *(.rel.got)
 *(.rela.got)
 *(.rel.sdata .rel.sdata.* .rel.gnu.linkonce.s.*)
 *(.rela.sdata .rela.sdata.* .rela.gnu.linkonce.s.*)
 *(.rel.sbss .rel.sbss.* .rel.gnu.linkonce.sb.*)
 *(.rela.sbss .rela.sbss.* .rela.gnu.linkonce.sb.*)
 *(.rel.sdata2 .rel.sdata2.* .rel.gnu.linkonce.s2.*)
 *(.rela.sdata2 .rela.sdata2.* .rela.gnu.linkonce.s2.*)
 *(.rel.sbss2 .rel.sbss2.* .rel.gnu.linkonce.sb2.*)
 *(.rela.sbss2 .rela.sbss2.* .rela.gnu.linkonce.sb2.*)
 *(.rel.bss .rel.bss.* .rel.gnu.linkonce.b.*)
 *(.rela.bss .rela.bss.* .rela.gnu.linkonce.b.*)
 *(.rel.plt)
 *(.rela.plt)
 *(.rel.dyn)
 *(.init)
 *(.plt)
 *(.text .stub .text.* .gnu.linkonce.t.*)
 .text          0x0000000000000230       0x3c ../2D_Radar_bsp//obj/HAL/src/crt0.o
                0x0000000000000230                _start
 .text          0x000000000000026c       0xec ../2D_Radar_bsp/\libhal_bsp.a(alt_load.o)
                0x00000000000002d4                alt_load
 .text          0x0000000000000358       0x7c ../2D_Radar_bsp/\libhal_bsp.a(alt_main.o)
                0x0000000000000358                alt_main
 .text          0x00000000000003d4       0xd0 ../2D_Radar_bsp/\libhal_bsp.a(alt_sys_init.o)
                0x0000000000000408                alt_irq_init
                0x0000000000000440                alt_sys_init
 .text          0x00000000000004a4      0x164 ../2D_Radar_bsp/\libhal_bsp.a(altera_avalon_jtag_uart_fd.o)
                0x00000000000004a4                altera_avalon_jtag_uart_read_fd
                0x0000000000000504                altera_avalon_jtag_uart_write_fd
                0x0000000000000564                altera_avalon_jtag_uart_close_fd
                0x00000000000005b4                altera_avalon_jtag_uart_ioctl_fd
 .text          0x0000000000000608      0x3d4 ../2D_Radar_bsp/\libhal_bsp.a(altera_avalon_jtag_uart_init.o)
                0x0000000000000608                altera_avalon_jtag_uart_init
                0x0000000000000974                altera_avalon_jtag_uart_close
 .text          0x00000000000009dc       0xf0 ../2D_Radar_bsp/\libhal_bsp.a(altera_avalon_jtag_uart_ioctl.o)
                0x00000000000009dc                altera_avalon_jtag_uart_ioctl
 .text          0x0000000000000acc      0x21c ../2D_Radar_bsp/\libhal_bsp.a(altera_avalon_jtag_uart_read.o)
                0x0000000000000acc                altera_avalon_jtag_uart_read
 .text          0x0000000000000ce8      0x224 ../2D_Radar_bsp/\libhal_bsp.a(altera_avalon_jtag_uart_write.o)
                0x0000000000000ce8                altera_avalon_jtag_uart_write
 .text          0x0000000000000f0c       0xf4 ../2D_Radar_bsp/\libhal_bsp.a(altera_avalon_timer_sc.o)
                0x0000000000000f84                alt_avalon_timer_sc_init
 .text          0x0000000000001000      0x12c ../2D_Radar_bsp/\libhal_bsp.a(alt_alarm_start.o)
                0x0000000000001000                alt_alarm_start
 .text          0x000000000000112c      0x114 ../2D_Radar_bsp/\libhal_bsp.a(alt_close.o)
                0x0000000000001168                close
 .text          0x0000000000001240       0x20 ../2D_Radar_bsp/\libhal_bsp.a(alt_dcache_flush_all.o)
                0x0000000000001240                alt_dcache_flush_all
 .text          0x0000000000001260       0x2c ../2D_Radar_bsp/\libhal_bsp.a(alt_dev.o)
 .text          0x000000000000128c       0xe0 ../2D_Radar_bsp/\libhal_bsp.a(alt_dev_llist_insert.o)
                0x00000000000012c8                alt_dev_llist_insert
 .text          0x000000000000136c       0x60 ../2D_Radar_bsp/\libhal_bsp.a(alt_do_ctors.o)
                0x000000000000136c                _do_ctors
 .text          0x00000000000013cc       0x60 ../2D_Radar_bsp/\libhal_bsp.a(alt_do_dtors.o)
                0x00000000000013cc                _do_dtors
 .text          0x000000000000142c        0x0 ../2D_Radar_bsp/\libhal_bsp.a(alt_errno.o)
 .text          0x000000000000142c       0x20 ../2D_Radar_bsp/\libhal_bsp.a(alt_icache_flush_all.o)
                0x000000000000142c                alt_icache_flush_all
 .text          0x000000000000144c      0x1b0 ../2D_Radar_bsp/\libhal_bsp.a(alt_iic.o)
                0x000000000000144c                alt_ic_isr_register
                0x000000000000149c                alt_ic_irq_enable
                0x0000000000001524                alt_ic_irq_disable
                0x00000000000015b0                alt_ic_irq_enabled
 .text          0x00000000000015fc       0xf0 ../2D_Radar_bsp/\libhal_bsp.a(alt_iic_isr_register.o)
                0x00000000000015fc                alt_iic_isr_register
 .text          0x00000000000016ec      0x160 ../2D_Radar_bsp/\libhal_bsp.a(alt_io_redirect.o)
                0x00000000000017d0                alt_io_redirect
 .text          0x000000000000184c        0x0 ../2D_Radar_bsp/\libhal_bsp.a(alt_irq_entry.o)
 .text          0x000000000000184c        0x0 ../2D_Radar_bsp/\libhal_bsp.a(alt_irq_handler.o)
 .text          0x000000000000184c        0x0 ../2D_Radar_bsp/\libhal_bsp.a(alt_irq_vars.o)
 .text          0x000000000000184c      0x284 ../2D_Radar_bsp/\libhal_bsp.a(alt_open.o)
                0x0000000000001974                open
 .text          0x0000000000001ad0       0x84 ../2D_Radar_bsp/\libhal_bsp.a(alt_release_fd.o)
                0x0000000000001ad0                alt_release_fd
 .text          0x0000000000001b54      0x1a4 ../2D_Radar_bsp/\libhal_bsp.a(alt_tick.o)
                0x0000000000001b54                alt_alarm_stop
                0x0000000000001bf0                alt_tick
 .text          0x0000000000001cf8       0x24 ../2D_Radar_bsp/\libhal_bsp.a(altera_nios2_gen2_irq.o)
                0x0000000000001cf8                altera_nios2_gen2_irq_init
 .text          0x0000000000001d1c        0x0 ../2D_Radar_bsp/\libhal_bsp.a(alt_exception_entry.o)
 .text          0x0000000000001d1c       0x90 ../2D_Radar_bsp/\libhal_bsp.a(alt_find_dev.o)
                0x0000000000001d1c                alt_find_dev
 .text          0x0000000000001dac      0x108 ../2D_Radar_bsp/\libhal_bsp.a(alt_find_file.o)
                0x0000000000001dac                alt_find_file
 .text          0x0000000000001eb4       0xc4 ../2D_Radar_bsp/\libhal_bsp.a(alt_get_fd.o)
                0x0000000000001eb4                alt_get_fd
 .text          0x0000000000001f78       0x9c ../2D_Radar_bsp/\libhal_bsp.a(alt_instruction_exception_entry.o)
                0x0000000000001f78                alt_exception_cause_generated_bad_addr
 .text          0x0000000000002014        0x0 e:/intelfpga_lite/18.1/nios2eds/bin/gnu/h-x86_64-mingw32/bin/../lib/gcc/nios2-elf/5.3.0/../../../../../H-x86_64-mingw32/nios2-elf/lib/mno-hw-mul\libc.a(lib_a-atexit.o)
 .text.atexit   0x0000000000002014       0x14 e:/intelfpga_lite/18.1/nios2eds/bin/gnu/h-x86_64-mingw32/bin/../lib/gcc/nios2-elf/5.3.0/../../../../../H-x86_64-mingw32/nios2-elf/lib/mno-hw-mul\libc.a(lib_a-atexit.o)
                0x0000000000002014                atexit
 .text          0x0000000000002028        0x0 e:/intelfpga_lite/18.1/nios2eds/bin/gnu/h-x86_64-mingw32/bin/../lib/gcc/nios2-elf/5.3.0/../../../../../H-x86_64-mingw32/nios2-elf/lib/mno-hw-mul\libc.a(lib_a-exit.o)
 .text.exit     0x0000000000002028       0x38 e:/intelfpga_lite/18.1/nios2eds/bin/gnu/h-x86_64-mingw32/bin/../lib/gcc/nios2-elf/5.3.0/../../../../../H-x86_64-mingw32/nios2-elf/lib/mno-hw-mul\libc.a(lib_a-exit.o)
                0x0000000000002028                exit
 .text          0x0000000000002060        0x0 e:/intelfpga_lite/18.1/nios2eds/bin/gnu/h-x86_64-mingw32/bin/../lib/gcc/nios2-elf/5.3.0/../../../../../H-x86_64-mingw32/nios2-elf/lib/mno-hw-mul\libc.a(lib_a-impure.o)
 .text          0x0000000000002060        0x0 e:/intelfpga_lite/18.1/nios2eds/bin/gnu/h-x86_64-mingw32/bin/../lib/gcc/nios2-elf/5.3.0/../../../../../H-x86_64-mingw32/nios2-elf/lib/mno-hw-mul\libc.a(lib_a-int_errno.o)
 .text          0x0000000000002060        0x0 e:/intelfpga_lite/18.1/nios2eds/bin/gnu/h-x86_64-mingw32/bin/../lib/gcc/nios2-elf/5.3.0/../../../../../H-x86_64-mingw32/nios2-elf/lib/mno-hw-mul\libc.a(lib_a-memcmp.o)
 .text.memcmp   0x0000000000002060       0x7c e:/intelfpga_lite/18.1/nios2eds/bin/gnu/h-x86_64-mingw32/bin/../lib/gcc/nios2-elf/5.3.0/../../../../../H-x86_64-mingw32/nios2-elf/lib/mno-hw-mul\libc.a(lib_a-memcmp.o)
                0x0000000000002060                memcmp
 .text          0x00000000000020dc        0x0 e:/intelfpga_lite/18.1/nios2eds/bin/gnu/h-x86_64-mingw32/bin/../lib/gcc/nios2-elf/5.3.0/../../../../../H-x86_64-mingw32/nios2-elf/lib/mno-hw-mul\libc.a(lib_a-memcpy.o)
 .text.memcpy   0x00000000000020dc      0x148 e:/intelfpga_lite/18.1/nios2eds/bin/gnu/h-x86_64-mingw32/bin/../lib/gcc/nios2-elf/5.3.0/../../../../../H-x86_64-mingw32/nios2-elf/lib/mno-hw-mul\libc.a(lib_a-memcpy.o)
                0x00000000000020dc                memcpy
 .text          0x0000000000002224        0x0 e:/intelfpga_lite/18.1/nios2eds/bin/gnu/h-x86_64-mingw32/bin/../lib/gcc/nios2-elf/5.3.0/../../../../../H-x86_64-mingw32/nios2-elf/lib/mno-hw-mul\libc.a(lib_a-strlen.o)
 .text.strlen   0x0000000000002224       0x98 e:/intelfpga_lite/18.1/nios2eds/bin/gnu/h-x86_64-mingw32/bin/../lib/gcc/nios2-elf/5.3.0/../../../../../H-x86_64-mingw32/nios2-elf/lib/mno-hw-mul\libc.a(lib_a-strlen.o)
                0x0000000000002224                strlen
 .text          0x00000000000022bc        0x0 e:/intelfpga_lite/18.1/nios2eds/bin/gnu/h-x86_64-mingw32/bin/../lib/gcc/nios2-elf/5.3.0/../../../../../H-x86_64-mingw32/nios2-elf/lib/mno-hw-mul\libc.a(lib_a-__atexit.o)
 .text.__register_exitproc
                0x00000000000022bc      0x118 e:/intelfpga_lite/18.1/nios2eds/bin/gnu/h-x86_64-mingw32/bin/../lib/gcc/nios2-elf/5.3.0/../../../../../H-x86_64-mingw32/nios2-elf/lib/mno-hw-mul\libc.a(lib_a-__atexit.o)
                0x00000000000022bc                __register_exitproc
 .text          0x00000000000023d4        0x0 e:/intelfpga_lite/18.1/nios2eds/bin/gnu/h-x86_64-mingw32/bin/../lib/gcc/nios2-elf/5.3.0/../../../../../H-x86_64-mingw32/nios2-elf/lib/mno-hw-mul\libc.a(lib_a-__call_atexit.o)
 .text.__call_exitprocs
                0x00000000000023d4      0x180 e:/intelfpga_lite/18.1/nios2eds/bin/gnu/h-x86_64-mingw32/bin/../lib/gcc/nios2-elf/5.3.0/../../../../../H-x86_64-mingw32/nios2-elf/lib/mno-hw-mul\libc.a(lib_a-__call_atexit.o)
                0x00000000000023d4                __call_exitprocs
 .text          0x0000000000002554       0x28 e:/intelfpga_lite/18.1/nios2eds/bin/gnu/h-x86_64-mingw32/bin/../lib/gcc/nios2-elf/5.3.0/mno-hw-mul\libgcc.a(lib2-mul.o)
                0x0000000000002554                __mulsi3
 .text          0x000000000000257c       0x34 ../2D_Radar_bsp/\libhal_bsp.a(alt_exit.o)
                0x000000000000257c                _exit
 *(.gnu.warning.*)
 *(.fini)
                [!provide]                        PROVIDE (__etext, ABSOLUTE (.))
                [!provide]                        PROVIDE (_etext, ABSOLUTE (.))
                [!provide]                        PROVIDE (etext, ABSOLUTE (.))
 *(.eh_frame_hdr)
                0x00000000000025b0                . = ALIGN (0x4)
                [!provide]                        PROVIDE (__preinit_array_start, ABSOLUTE (.))
 *(.preinit_array)
                [!provide]                        PROVIDE (__preinit_array_end, ABSOLUTE (.))
                [!provide]                        PROVIDE (__init_array_start, ABSOLUTE (.))
 *(.init_array)
                [!provide]                        PROVIDE (__init_array_end, ABSOLUTE (.))
                [!provide]                        PROVIDE (__fini_array_start, ABSOLUTE (.))
 *(.fini_array)
                [!provide]                        PROVIDE (__fini_array_end, ABSOLUTE (.))
 *(.eh_frame)
 *(.gcc_except_table .gcc_except_table.*)
 *(.dynamic)
                0x00000000000025b0                PROVIDE (__CTOR_LIST__, ABSOLUTE (.))
 *(.ctors)
 *(SORT(.ctors.*))
                0x00000000000025b0                PROVIDE (__CTOR_END__, ABSOLUTE (.))
                0x00000000000025b0                PROVIDE (__DTOR_LIST__, ABSOLUTE (.))
 *(.dtors)
 *(SORT(.dtors.*))
                0x00000000000025b0                PROVIDE (__DTOR_END__, ABSOLUTE (.))
 *(.jcr)
                0x00000000000025b0                . = ALIGN (0x4)

.rodata         0x00000000000025b0       0x30
                0x00000000000025b0                PROVIDE (__ram_rodata_start, ABSOLUTE (.))
                0x00000000000025b0                . = ALIGN (0x4)
 *(.rodata .rodata.* .gnu.linkonce.r.*)
 .rodata        0x00000000000025b0        0xf ../2D_Radar_bsp/\libhal_bsp.a(alt_main.o)
 *fill*         0x00000000000025bf        0x1 
 .rodata        0x00000000000025c0        0xf ../2D_Radar_bsp/\libhal_bsp.a(alt_sys_init.o)
 *fill*         0x00000000000025cf        0x1 
 .rodata        0x00000000000025d0        0xa ../2D_Radar_bsp/\libhal_bsp.a(alt_dev.o)
 *fill*         0x00000000000025da        0x2 
 .rodata.str1.4
                0x00000000000025dc        0x4 e:/intelfpga_lite/18.1/nios2eds/bin/gnu/h-x86_64-mingw32/bin/../lib/gcc/nios2-elf/5.3.0/../../../../../H-x86_64-mingw32/nios2-elf/lib/mno-hw-mul\libc.a(lib_a-impure.o)
                                          0x2 (size before relaxing)
 *(.rodata1)
                0x00000000000025e0                . = ALIGN (0x4)
                0x00000000000025e0                PROVIDE (__ram_rodata_end, ABSOLUTE (.))
                0x00000000000025b0                PROVIDE (__flash_rodata_start, LOADADDR (.rodata))

.rwdata         0x00000000000025e0     0x1658 load address 0x0000000000003c38
                0x00000000000025e0                PROVIDE (__ram_rwdata_start, ABSOLUTE (.))
                0x00000000000025e0                . = ALIGN (0x4)
 *(.got.plt)
 *(.got)
 *(.data1)
 *(.data .data.* .gnu.linkonce.d.*)
 .data          0x00000000000025e0        0x0 ../2D_Radar_bsp//obj/HAL/src/crt0.o
 .data          0x00000000000025e0        0x0 ../2D_Radar_bsp/\libhal_bsp.a(alt_load.o)
 .data          0x00000000000025e0        0x0 ../2D_Radar_bsp/\libhal_bsp.a(alt_main.o)
 .data          0x00000000000025e0     0x1060 ../2D_Radar_bsp/\libhal_bsp.a(alt_sys_init.o)
 .data          0x0000000000003640        0x0 ../2D_Radar_bsp/\libhal_bsp.a(altera_avalon_jtag_uart_fd.o)
 .data          0x0000000000003640        0x0 ../2D_Radar_bsp/\libhal_bsp.a(altera_avalon_jtag_uart_init.o)
 .data          0x0000000000003640        0x0 ../2D_Radar_bsp/\libhal_bsp.a(altera_avalon_jtag_uart_ioctl.o)
 .data          0x0000000000003640        0x0 ../2D_Radar_bsp/\libhal_bsp.a(altera_avalon_jtag_uart_read.o)
 .data          0x0000000000003640        0x0 ../2D_Radar_bsp/\libhal_bsp.a(altera_avalon_jtag_uart_write.o)
 .data          0x0000000000003640        0x0 ../2D_Radar_bsp/\libhal_bsp.a(altera_avalon_timer_sc.o)
 .data          0x0000000000003640        0x0 ../2D_Radar_bsp/\libhal_bsp.a(alt_alarm_start.o)
 .data          0x0000000000003640        0x0 ../2D_Radar_bsp/\libhal_bsp.a(alt_close.o)
 .data          0x0000000000003640        0x0 ../2D_Radar_bsp/\libhal_bsp.a(alt_dcache_flush_all.o)
 .data          0x0000000000003640      0x1a8 ../2D_Radar_bsp/\libhal_bsp.a(alt_dev.o)
                0x0000000000003640                alt_dev_null
                0x0000000000003668                alt_fd_list
 .data          0x00000000000037e8        0x0 ../2D_Radar_bsp/\libhal_bsp.a(alt_dev_llist_insert.o)
 .data          0x00000000000037e8        0x0 ../2D_Radar_bsp/\libhal_bsp.a(alt_do_ctors.o)
 .data          0x00000000000037e8        0x0 ../2D_Radar_bsp/\libhal_bsp.a(alt_do_dtors.o)
 .data          0x00000000000037e8        0x0 ../2D_Radar_bsp/\libhal_bsp.a(alt_errno.o)
 .data          0x00000000000037e8        0x0 ../2D_Radar_bsp/\libhal_bsp.a(alt_icache_flush_all.o)
 .data          0x00000000000037e8        0x0 ../2D_Radar_bsp/\libhal_bsp.a(alt_iic.o)
 .data          0x00000000000037e8        0x0 ../2D_Radar_bsp/\libhal_bsp.a(alt_iic_isr_register.o)
 .data          0x00000000000037e8        0x0 ../2D_Radar_bsp/\libhal_bsp.a(alt_io_redirect.o)
 .data          0x00000000000037e8        0x0 ../2D_Radar_bsp/\libhal_bsp.a(alt_irq_entry.o)
 .data          0x00000000000037e8        0x0 ../2D_Radar_bsp/\libhal_bsp.a(alt_irq_handler.o)
 .data          0x00000000000037e8        0x0 ../2D_Radar_bsp/\libhal_bsp.a(alt_irq_vars.o)
 .data          0x00000000000037e8        0x0 ../2D_Radar_bsp/\libhal_bsp.a(alt_open.o)
 .data          0x00000000000037e8        0x0 ../2D_Radar_bsp/\libhal_bsp.a(alt_release_fd.o)
 .data          0x00000000000037e8        0x0 ../2D_Radar_bsp/\libhal_bsp.a(alt_tick.o)
 .data          0x00000000000037e8        0x0 ../2D_Radar_bsp/\libhal_bsp.a(altera_nios2_gen2_irq.o)
 .data          0x00000000000037e8        0x0 ../2D_Radar_bsp/\libhal_bsp.a(alt_exception_entry.o)
 .data          0x00000000000037e8        0x0 ../2D_Radar_bsp/\libhal_bsp.a(alt_find_dev.o)
 .data          0x00000000000037e8        0x0 ../2D_Radar_bsp/\libhal_bsp.a(alt_find_file.o)
 .data          0x00000000000037e8        0x0 ../2D_Radar_bsp/\libhal_bsp.a(alt_get_fd.o)
 .data          0x00000000000037e8        0x0 ../2D_Radar_bsp/\libhal_bsp.a(alt_instruction_exception_entry.o)
 .data          0x00000000000037e8        0x0 e:/intelfpga_lite/18.1/nios2eds/bin/gnu/h-x86_64-mingw32/bin/../lib/gcc/nios2-elf/5.3.0/../../../../../H-x86_64-mingw32/nios2-elf/lib/mno-hw-mul\libc.a(lib_a-atexit.o)
 .data          0x00000000000037e8        0x0 e:/intelfpga_lite/18.1/nios2eds/bin/gnu/h-x86_64-mingw32/bin/../lib/gcc/nios2-elf/5.3.0/../../../../../H-x86_64-mingw32/nios2-elf/lib/mno-hw-mul\libc.a(lib_a-exit.o)
 .data          0x00000000000037e8        0x0 e:/intelfpga_lite/18.1/nios2eds/bin/gnu/h-x86_64-mingw32/bin/../lib/gcc/nios2-elf/5.3.0/../../../../../H-x86_64-mingw32/nios2-elf/lib/mno-hw-mul\libc.a(lib_a-impure.o)
 .data.impure_data
                0x00000000000037e8      0x424 e:/intelfpga_lite/18.1/nios2eds/bin/gnu/h-x86_64-mingw32/bin/../lib/gcc/nios2-elf/5.3.0/../../../../../H-x86_64-mingw32/nios2-elf/lib/mno-hw-mul\libc.a(lib_a-impure.o)
 .data          0x0000000000003c0c        0x0 e:/intelfpga_lite/18.1/nios2eds/bin/gnu/h-x86_64-mingw32/bin/../lib/gcc/nios2-elf/5.3.0/../../../../../H-x86_64-mingw32/nios2-elf/lib/mno-hw-mul\libc.a(lib_a-int_errno.o)
 .data          0x0000000000003c0c        0x0 e:/intelfpga_lite/18.1/nios2eds/bin/gnu/h-x86_64-mingw32/bin/../lib/gcc/nios2-elf/5.3.0/../../../../../H-x86_64-mingw32/nios2-elf/lib/mno-hw-mul\libc.a(lib_a-memcmp.o)
 .data          0x0000000000003c0c        0x0 e:/intelfpga_lite/18.1/nios2eds/bin/gnu/h-x86_64-mingw32/bin/../lib/gcc/nios2-elf/5.3.0/../../../../../H-x86_64-mingw32/nios2-elf/lib/mno-hw-mul\libc.a(lib_a-memcpy.o)
 .data          0x0000000000003c0c        0x0 e:/intelfpga_lite/18.1/nios2eds/bin/gnu/h-x86_64-mingw32/bin/../lib/gcc/nios2-elf/5.3.0/../../../../../H-x86_64-mingw32/nios2-elf/lib/mno-hw-mul\libc.a(lib_a-strlen.o)
 .data          0x0000000000003c0c        0x0 e:/intelfpga_lite/18.1/nios2eds/bin/gnu/h-x86_64-mingw32/bin/../lib/gcc/nios2-elf/5.3.0/../../../../../H-x86_64-mingw32/nios2-elf/lib/mno-hw-mul\libc.a(lib_a-__atexit.o)
 .data          0x0000000000003c0c        0x0 e:/intelfpga_lite/18.1/nios2eds/bin/gnu/h-x86_64-mingw32/bin/../lib/gcc/nios2-elf/5.3.0/../../../../../H-x86_64-mingw32/nios2-elf/lib/mno-hw-mul\libc.a(lib_a-__call_atexit.o)
 .data          0x0000000000003c0c        0x0 e:/intelfpga_lite/18.1/nios2eds/bin/gnu/h-x86_64-mingw32/bin/../lib/gcc/nios2-elf/5.3.0/mno-hw-mul\libgcc.a(lib2-mul.o)
 .data          0x0000000000003c0c        0x0 ../2D_Radar_bsp/\libhal_bsp.a(alt_exit.o)
                0x000000000000bc0c                _gp = ABSOLUTE ((. + 0x8000))
                [!provide]                        PROVIDE (gp, _gp)
 *(.rwdata .rwdata.*)
 *(.sdata .sdata.* .gnu.linkonce.s.*)
 .sdata         0x0000000000003c0c       0x14 ../2D_Radar_bsp/\libhal_bsp.a(alt_dev.o)
                0x0000000000003c0c                alt_fs_list
                0x0000000000003c14                alt_dev_list
                0x0000000000003c1c                alt_max_fd
 .sdata         0x0000000000003c20        0x4 ../2D_Radar_bsp/\libhal_bsp.a(alt_errno.o)
                0x0000000000003c20                alt_errno
 .sdata         0x0000000000003c24        0x4 ../2D_Radar_bsp/\libhal_bsp.a(alt_irq_vars.o)
                0x0000000000003c24                alt_priority_mask
 .sdata         0x0000000000003c28        0x8 ../2D_Radar_bsp/\libhal_bsp.a(alt_tick.o)
                0x0000000000003c28                alt_alarm_list
 .sdata._global_impure_ptr
                0x0000000000003c30        0x4 e:/intelfpga_lite/18.1/nios2eds/bin/gnu/h-x86_64-mingw32/bin/../lib/gcc/nios2-elf/5.3.0/../../../../../H-x86_64-mingw32/nios2-elf/lib/mno-hw-mul\libc.a(lib_a-impure.o)
                0x0000000000003c30                _global_impure_ptr
 .sdata._impure_ptr
                0x0000000000003c34        0x4 e:/intelfpga_lite/18.1/nios2eds/bin/gnu/h-x86_64-mingw32/bin/../lib/gcc/nios2-elf/5.3.0/../../../../../H-x86_64-mingw32/nios2-elf/lib/mno-hw-mul\libc.a(lib_a-impure.o)
                0x0000000000003c34                _impure_ptr
 *(.sdata2 .sdata2.* .gnu.linkonce.s2.*)
                0x0000000000003c38                . = ALIGN (0x4)
                0x0000000000003c38                _edata = ABSOLUTE (.)
                [!provide]                        PROVIDE (edata, ABSOLUTE (.))
                0x0000000000003c38                PROVIDE (__ram_rwdata_end, ABSOLUTE (.))
                0x0000000000003c38                PROVIDE (__flash_rwdata_start, LOADADDR (.rwdata))

.bss            0x0000000000005290      0x120
                0x0000000000005290                __bss_start = ABSOLUTE (.)
                [!provide]                        PROVIDE (__sbss_start, ABSOLUTE (.))
                [!provide]                        PROVIDE (___sbss_start, ABSOLUTE (.))
 *(.dynsbss)
 *(.sbss .sbss.* .gnu.linkonce.sb.*)
 .sbss          0x0000000000005290        0xc ../2D_Radar_bsp/\libhal_bsp.a(alt_main.o)
                0x0000000000005290                alt_argc
                0x0000000000005294                alt_argv
                0x0000000000005298                alt_envp
 .sbss          0x000000000000529c        0x4 ../2D_Radar_bsp/\libhal_bsp.a(alt_irq_vars.o)
                0x000000000000529c                alt_irq_active
 .sbss          0x00000000000052a0        0x8 ../2D_Radar_bsp/\libhal_bsp.a(alt_tick.o)
                0x00000000000052a0                _alt_tick_rate
                0x00000000000052a4                _alt_nticks
 .sbss          0x00000000000052a8        0x4 ../2D_Radar_bsp/\libhal_bsp.a(alt_instruction_exception_entry.o)
                0x00000000000052a8                alt_instruction_exception_handler
 .sbss          0x00000000000052ac        0x4 e:/intelfpga_lite/18.1/nios2eds/bin/gnu/h-x86_64-mingw32/bin/../lib/gcc/nios2-elf/5.3.0/../../../../../H-x86_64-mingw32/nios2-elf/lib/mno-hw-mul\libc.a(lib_a-int_errno.o)
                0x00000000000052ac                errno
 *(.sbss2 .sbss2.* .gnu.linkonce.sb2.*)
 *(.scommon)
                [!provide]                        PROVIDE (__sbss_end, ABSOLUTE (.))
                [!provide]                        PROVIDE (___sbss_end, ABSOLUTE (.))
 *(.dynbss)
 *(.bss .bss.* .gnu.linkonce.b.*)
 .bss           0x00000000000052b0        0x0 ../2D_Radar_bsp//obj/HAL/src/crt0.o
 .bss           0x00000000000052b0        0x0 ../2D_Radar_bsp/\libhal_bsp.a(alt_load.o)
 .bss           0x00000000000052b0        0x0 ../2D_Radar_bsp/\libhal_bsp.a(alt_main.o)
 .bss           0x00000000000052b0        0x0 ../2D_Radar_bsp/\libhal_bsp.a(alt_sys_init.o)
 .bss           0x00000000000052b0        0x0 ../2D_Radar_bsp/\libhal_bsp.a(altera_avalon_jtag_uart_fd.o)
 .bss           0x00000000000052b0        0x0 ../2D_Radar_bsp/\libhal_bsp.a(altera_avalon_jtag_uart_init.o)
 .bss           0x00000000000052b0        0x0 ../2D_Radar_bsp/\libhal_bsp.a(altera_avalon_jtag_uart_ioctl.o)
 .bss           0x00000000000052b0        0x0 ../2D_Radar_bsp/\libhal_bsp.a(altera_avalon_jtag_uart_read.o)
 .bss           0x00000000000052b0        0x0 ../2D_Radar_bsp/\libhal_bsp.a(altera_avalon_jtag_uart_write.o)
 .bss           0x00000000000052b0        0x0 ../2D_Radar_bsp/\libhal_bsp.a(altera_avalon_timer_sc.o)
 .bss           0x00000000000052b0        0x0 ../2D_Radar_bsp/\libhal_bsp.a(alt_alarm_start.o)
 .bss           0x00000000000052b0        0x0 ../2D_Radar_bsp/\libhal_bsp.a(alt_close.o)
 .bss           0x00000000000052b0        0x0 ../2D_Radar_bsp/\libhal_bsp.a(alt_dcache_flush_all.o)
 .bss           0x00000000000052b0        0x0 ../2D_Radar_bsp/\libhal_bsp.a(alt_dev.o)
 .bss           0x00000000000052b0        0x0 ../2D_Radar_bsp/\libhal_bsp.a(alt_dev_llist_insert.o)
 .bss           0x00000000000052b0        0x0 ../2D_Radar_bsp/\libhal_bsp.a(alt_do_ctors.o)
 .bss           0x00000000000052b0        0x0 ../2D_Radar_bsp/\libhal_bsp.a(alt_do_dtors.o)
 .bss           0x00000000000052b0        0x0 ../2D_Radar_bsp/\libhal_bsp.a(alt_errno.o)
 .bss           0x00000000000052b0        0x0 ../2D_Radar_bsp/\libhal_bsp.a(alt_icache_flush_all.o)
 .bss           0x00000000000052b0        0x0 ../2D_Radar_bsp/\libhal_bsp.a(alt_iic.o)
 .bss           0x00000000000052b0        0x0 ../2D_Radar_bsp/\libhal_bsp.a(alt_iic_isr_register.o)
 .bss           0x00000000000052b0        0x0 ../2D_Radar_bsp/\libhal_bsp.a(alt_io_redirect.o)
 .bss           0x00000000000052b0        0x0 ../2D_Radar_bsp/\libhal_bsp.a(alt_irq_entry.o)
 .bss           0x00000000000052b0        0x0 ../2D_Radar_bsp/\libhal_bsp.a(alt_irq_handler.o)
 .bss           0x00000000000052b0        0x0 ../2D_Radar_bsp/\libhal_bsp.a(alt_irq_vars.o)
 .bss           0x00000000000052b0        0x0 ../2D_Radar_bsp/\libhal_bsp.a(alt_open.o)
 .bss           0x00000000000052b0        0x0 ../2D_Radar_bsp/\libhal_bsp.a(alt_release_fd.o)
 .bss           0x00000000000052b0        0x0 ../2D_Radar_bsp/\libhal_bsp.a(alt_tick.o)
 .bss           0x00000000000052b0        0x0 ../2D_Radar_bsp/\libhal_bsp.a(altera_nios2_gen2_irq.o)
 .bss           0x00000000000052b0        0x0 ../2D_Radar_bsp/\libhal_bsp.a(alt_exception_entry.o)
 .bss           0x00000000000052b0        0x0 ../2D_Radar_bsp/\libhal_bsp.a(alt_find_dev.o)
 .bss           0x00000000000052b0        0x0 ../2D_Radar_bsp/\libhal_bsp.a(alt_find_file.o)
 .bss           0x00000000000052b0        0x0 ../2D_Radar_bsp/\libhal_bsp.a(alt_get_fd.o)
 .bss           0x00000000000052b0        0x0 ../2D_Radar_bsp/\libhal_bsp.a(alt_instruction_exception_entry.o)
 .bss           0x00000000000052b0        0x0 e:/intelfpga_lite/18.1/nios2eds/bin/gnu/h-x86_64-mingw32/bin/../lib/gcc/nios2-elf/5.3.0/../../../../../H-x86_64-mingw32/nios2-elf/lib/mno-hw-mul\libc.a(lib_a-atexit.o)
 .bss           0x00000000000052b0        0x0 e:/intelfpga_lite/18.1/nios2eds/bin/gnu/h-x86_64-mingw32/bin/../lib/gcc/nios2-elf/5.3.0/../../../../../H-x86_64-mingw32/nios2-elf/lib/mno-hw-mul\libc.a(lib_a-exit.o)
 .bss           0x00000000000052b0        0x0 e:/intelfpga_lite/18.1/nios2eds/bin/gnu/h-x86_64-mingw32/bin/../lib/gcc/nios2-elf/5.3.0/../../../../../H-x86_64-mingw32/nios2-elf/lib/mno-hw-mul\libc.a(lib_a-impure.o)
 .bss           0x00000000000052b0        0x0 e:/intelfpga_lite/18.1/nios2eds/bin/gnu/h-x86_64-mingw32/bin/../lib/gcc/nios2-elf/5.3.0/../../../../../H-x86_64-mingw32/nios2-elf/lib/mno-hw-mul\libc.a(lib_a-int_errno.o)
 .bss           0x00000000000052b0        0x0 e:/intelfpga_lite/18.1/nios2eds/bin/gnu/h-x86_64-mingw32/bin/../lib/gcc/nios2-elf/5.3.0/../../../../../H-x86_64-mingw32/nios2-elf/lib/mno-hw-mul\libc.a(lib_a-memcmp.o)
 .bss           0x00000000000052b0        0x0 e:/intelfpga_lite/18.1/nios2eds/bin/gnu/h-x86_64-mingw32/bin/../lib/gcc/nios2-elf/5.3.0/../../../../../H-x86_64-mingw32/nios2-elf/lib/mno-hw-mul\libc.a(lib_a-memcpy.o)
 .bss           0x00000000000052b0        0x0 e:/intelfpga_lite/18.1/nios2eds/bin/gnu/h-x86_64-mingw32/bin/../lib/gcc/nios2-elf/5.3.0/../../../../../H-x86_64-mingw32/nios2-elf/lib/mno-hw-mul\libc.a(lib_a-strlen.o)
 .bss           0x00000000000052b0        0x0 e:/intelfpga_lite/18.1/nios2eds/bin/gnu/h-x86_64-mingw32/bin/../lib/gcc/nios2-elf/5.3.0/../../../../../H-x86_64-mingw32/nios2-elf/lib/mno-hw-mul\libc.a(lib_a-__atexit.o)
 .bss           0x00000000000052b0        0x0 e:/intelfpga_lite/18.1/nios2eds/bin/gnu/h-x86_64-mingw32/bin/../lib/gcc/nios2-elf/5.3.0/../../../../../H-x86_64-mingw32/nios2-elf/lib/mno-hw-mul\libc.a(lib_a-__call_atexit.o)
 .bss           0x00000000000052b0        0x0 e:/intelfpga_lite/18.1/nios2eds/bin/gnu/h-x86_64-mingw32/bin/../lib/gcc/nios2-elf/5.3.0/mno-hw-mul\libgcc.a(lib2-mul.o)
 .bss           0x00000000000052b0        0x0 ../2D_Radar_bsp/\libhal_bsp.a(alt_exit.o)
 *(COMMON)
 COMMON         0x00000000000052b0      0x100 ../2D_Radar_bsp/\libhal_bsp.a(alt_irq_handler.o)
                0x00000000000052b0                alt_irq
                0x00000000000053b0                . = ALIGN (0x4)
                0x00000000000053b0                __bss_end = ABSOLUTE (.)

.SDRAM          0x00000000000053b0        0x0
                [!provide]                        PROVIDE (_alt_partition_SDRAM_start, ABSOLUTE (.))
 *(.SDRAM .SDRAM. SDRAM.*)
                0x00000000000053b0                . = ALIGN (0x4)
                [!provide]                        PROVIDE (_alt_partition_SDRAM_end, ABSOLUTE (.))
                0x00000000000053b0                _end = ABSOLUTE (.)
                0x00000000000053b0                end = ABSOLUTE (.)
                0x00000000000053b0                __alt_stack_base = ABSOLUTE (.)
                [!provide]                        PROVIDE (_alt_partition_SDRAM_load_addr, LOADADDR (.SDRAM))

.Onchip_SRAM    0x0000000008000000        0x0 load address 0x00000000000053b0
                [!provide]                        PROVIDE (_alt_partition_Onchip_SRAM_start, ABSOLUTE (.))
 *(.Onchip_SRAM .Onchip_SRAM. Onchip_SRAM.*)
                0x0000000008000000                . = ALIGN (0x4)
                [!provide]                        PROVIDE (_alt_partition_Onchip_SRAM_end, ABSOLUTE (.))
                [!provide]                        PROVIDE (_alt_partition_Onchip_SRAM_load_addr, LOADADDR (.Onchip_SRAM))

.stab
 *(.stab)

.stabstr
 *(.stabstr)

.stab.excl
 *(.stab.excl)

.stab.exclstr
 *(.stab.exclstr)

.stab.index
 *(.stab.index)

.stab.indexstr
 *(.stab.indexstr)

.comment        0x0000000000000000       0x23
 *(.comment)
 .comment       0x0000000000000000       0x23 ../2D_Radar_bsp/\libhal_bsp.a(alt_load.o)
                                         0x24 (size before relaxing)
 .comment       0x0000000000000023       0x24 ../2D_Radar_bsp/\libhal_bsp.a(alt_main.o)
 .comment       0x0000000000000023       0x24 ../2D_Radar_bsp/\libhal_bsp.a(alt_sys_init.o)
 .comment       0x0000000000000023       0x24 ../2D_Radar_bsp/\libhal_bsp.a(altera_avalon_jtag_uart_fd.o)
 .comment       0x0000000000000023       0x24 ../2D_Radar_bsp/\libhal_bsp.a(altera_avalon_jtag_uart_init.o)
 .comment       0x0000000000000023       0x24 ../2D_Radar_bsp/\libhal_bsp.a(altera_avalon_jtag_uart_ioctl.o)
 .comment       0x0000000000000023       0x24 ../2D_Radar_bsp/\libhal_bsp.a(altera_avalon_jtag_uart_read.o)
 .comment       0x0000000000000023       0x24 ../2D_Radar_bsp/\libhal_bsp.a(altera_avalon_jtag_uart_write.o)
 .comment       0x0000000000000023       0x24 ../2D_Radar_bsp/\libhal_bsp.a(altera_avalon_timer_sc.o)
 .comment       0x0000000000000023       0x24 ../2D_Radar_bsp/\libhal_bsp.a(alt_alarm_start.o)
 .comment       0x0000000000000023       0x24 ../2D_Radar_bsp/\libhal_bsp.a(alt_close.o)
 .comment       0x0000000000000023       0x24 ../2D_Radar_bsp/\libhal_bsp.a(alt_dcache_flush_all.o)
 .comment       0x0000000000000023       0x24 ../2D_Radar_bsp/\libhal_bsp.a(alt_dev.o)
 .comment       0x0000000000000023       0x24 ../2D_Radar_bsp/\libhal_bsp.a(alt_dev_llist_insert.o)
 .comment       0x0000000000000023       0x24 ../2D_Radar_bsp/\libhal_bsp.a(alt_do_ctors.o)
 .comment       0x0000000000000023       0x24 ../2D_Radar_bsp/\libhal_bsp.a(alt_do_dtors.o)
 .comment       0x0000000000000023       0x24 ../2D_Radar_bsp/\libhal_bsp.a(alt_errno.o)
 .comment       0x0000000000000023       0x24 ../2D_Radar_bsp/\libhal_bsp.a(alt_icache_flush_all.o)
 .comment       0x0000000000000023       0x24 ../2D_Radar_bsp/\libhal_bsp.a(alt_iic.o)
 .comment       0x0000000000000023       0x24 ../2D_Radar_bsp/\libhal_bsp.a(alt_iic_isr_register.o)
 .comment       0x0000000000000023       0x24 ../2D_Radar_bsp/\libhal_bsp.a(alt_io_redirect.o)
 .comment       0x0000000000000023       0x24 ../2D_Radar_bsp/\libhal_bsp.a(alt_irq_handler.o)
 .comment       0x0000000000000023       0x24 ../2D_Radar_bsp/\libhal_bsp.a(alt_irq_vars.o)
 .comment       0x0000000000000023       0x24 ../2D_Radar_bsp/\libhal_bsp.a(alt_open.o)
 .comment       0x0000000000000023       0x24 ../2D_Radar_bsp/\libhal_bsp.a(alt_release_fd.o)
 .comment       0x0000000000000023       0x24 ../2D_Radar_bsp/\libhal_bsp.a(alt_tick.o)
 .comment       0x0000000000000023       0x24 ../2D_Radar_bsp/\libhal_bsp.a(altera_nios2_gen2_irq.o)
 .comment       0x0000000000000023       0x24 ../2D_Radar_bsp/\libhal_bsp.a(alt_find_dev.o)
 .comment       0x0000000000000023       0x24 ../2D_Radar_bsp/\libhal_bsp.a(alt_find_file.o)
 .comment       0x0000000000000023       0x24 ../2D_Radar_bsp/\libhal_bsp.a(alt_get_fd.o)
 .comment       0x0000000000000023       0x24 ../2D_Radar_bsp/\libhal_bsp.a(alt_instruction_exception_entry.o)
 .comment       0x0000000000000023       0x24 e:/intelfpga_lite/18.1/nios2eds/bin/gnu/h-x86_64-mingw32/bin/../lib/gcc/nios2-elf/5.3.0/../../../../../H-x86_64-mingw32/nios2-elf/lib/mno-hw-mul\libc.a(lib_a-atexit.o)
 .comment       0x0000000000000023       0x24 e:/intelfpga_lite/18.1/nios2eds/bin/gnu/h-x86_64-mingw32/bin/../lib/gcc/nios2-elf/5.3.0/../../../../../H-x86_64-mingw32/nios2-elf/lib/mno-hw-mul\libc.a(lib_a-exit.o)
 .comment       0x0000000000000023       0x24 e:/intelfpga_lite/18.1/nios2eds/bin/gnu/h-x86_64-mingw32/bin/../lib/gcc/nios2-elf/5.3.0/../../../../../H-x86_64-mingw32/nios2-elf/lib/mno-hw-mul\libc.a(lib_a-impure.o)
 .comment       0x0000000000000023       0x24 e:/intelfpga_lite/18.1/nios2eds/bin/gnu/h-x86_64-mingw32/bin/../lib/gcc/nios2-elf/5.3.0/../../../../../H-x86_64-mingw32/nios2-elf/lib/mno-hw-mul\libc.a(lib_a-int_errno.o)
 .comment       0x0000000000000023       0x24 e:/intelfpga_lite/18.1/nios2eds/bin/gnu/h-x86_64-mingw32/bin/../lib/gcc/nios2-elf/5.3.0/../../../../../H-x86_64-mingw32/nios2-elf/lib/mno-hw-mul\libc.a(lib_a-memcmp.o)
 .comment       0x0000000000000023       0x24 e:/intelfpga_lite/18.1/nios2eds/bin/gnu/h-x86_64-mingw32/bin/../lib/gcc/nios2-elf/5.3.0/../../../../../H-x86_64-mingw32/nios2-elf/lib/mno-hw-mul\libc.a(lib_a-memcpy.o)
 .comment       0x0000000000000023       0x24 e:/intelfpga_lite/18.1/nios2eds/bin/gnu/h-x86_64-mingw32/bin/../lib/gcc/nios2-elf/5.3.0/../../../../../H-x86_64-mingw32/nios2-elf/lib/mno-hw-mul\libc.a(lib_a-strlen.o)
 .comment       0x0000000000000023       0x24 e:/intelfpga_lite/18.1/nios2eds/bin/gnu/h-x86_64-mingw32/bin/../lib/gcc/nios2-elf/5.3.0/../../../../../H-x86_64-mingw32/nios2-elf/lib/mno-hw-mul\libc.a(lib_a-__atexit.o)
 .comment       0x0000000000000023       0x24 e:/intelfpga_lite/18.1/nios2eds/bin/gnu/h-x86_64-mingw32/bin/../lib/gcc/nios2-elf/5.3.0/../../../../../H-x86_64-mingw32/nios2-elf/lib/mno-hw-mul\libc.a(lib_a-__call_atexit.o)
 .comment       0x0000000000000023       0x24 e:/intelfpga_lite/18.1/nios2eds/bin/gnu/h-x86_64-mingw32/bin/../lib/gcc/nios2-elf/5.3.0/mno-hw-mul\libgcc.a(lib2-mul.o)
 .comment       0x0000000000000023       0x24 ../2D_Radar_bsp/\libhal_bsp.a(alt_exit.o)

.debug
 *(.debug)

.line
 *(.line)

.debug_srcinfo
 *(.debug_srcinfo)

.debug_sfnames
 *(.debug_sfnames)

.debug_aranges  0x0000000000000000      0x5b8
 *(.debug_aranges)
 .debug_aranges
                0x0000000000000000       0x28 ../2D_Radar_bsp//obj/HAL/src/crt0.o
 .debug_aranges
                0x0000000000000028       0x20 ../2D_Radar_bsp/\libhal_bsp.a(alt_load.o)
 .debug_aranges
                0x0000000000000048       0x20 ../2D_Radar_bsp/\libhal_bsp.a(alt_main.o)
 .debug_aranges
                0x0000000000000068       0x20 ../2D_Radar_bsp/\libhal_bsp.a(alt_sys_init.o)
 .debug_aranges
                0x0000000000000088       0x20 ../2D_Radar_bsp/\libhal_bsp.a(altera_avalon_jtag_uart_fd.o)
 .debug_aranges
                0x00000000000000a8       0x20 ../2D_Radar_bsp/\libhal_bsp.a(altera_avalon_jtag_uart_init.o)
 .debug_aranges
                0x00000000000000c8       0x20 ../2D_Radar_bsp/\libhal_bsp.a(altera_avalon_jtag_uart_ioctl.o)
 .debug_aranges
                0x00000000000000e8       0x20 ../2D_Radar_bsp/\libhal_bsp.a(altera_avalon_jtag_uart_read.o)
 .debug_aranges
                0x0000000000000108       0x20 ../2D_Radar_bsp/\libhal_bsp.a(altera_avalon_jtag_uart_write.o)
 .debug_aranges
                0x0000000000000128       0x20 ../2D_Radar_bsp/\libhal_bsp.a(altera_avalon_timer_sc.o)
 .debug_aranges
                0x0000000000000148       0x20 ../2D_Radar_bsp/\libhal_bsp.a(alt_alarm_start.o)
 .debug_aranges
                0x0000000000000168       0x20 ../2D_Radar_bsp/\libhal_bsp.a(alt_close.o)
 .debug_aranges
                0x0000000000000188       0x20 ../2D_Radar_bsp/\libhal_bsp.a(alt_dcache_flush_all.o)
 .debug_aranges
                0x00000000000001a8       0x20 ../2D_Radar_bsp/\libhal_bsp.a(alt_dev.o)
 .debug_aranges
                0x00000000000001c8       0x20 ../2D_Radar_bsp/\libhal_bsp.a(alt_dev_llist_insert.o)
 .debug_aranges
                0x00000000000001e8       0x20 ../2D_Radar_bsp/\libhal_bsp.a(alt_do_ctors.o)
 .debug_aranges
                0x0000000000000208       0x20 ../2D_Radar_bsp/\libhal_bsp.a(alt_do_dtors.o)
 .debug_aranges
                0x0000000000000228       0x18 ../2D_Radar_bsp/\libhal_bsp.a(alt_errno.o)
 .debug_aranges
                0x0000000000000240       0x20 ../2D_Radar_bsp/\libhal_bsp.a(alt_icache_flush_all.o)
 .debug_aranges
                0x0000000000000260       0x20 ../2D_Radar_bsp/\libhal_bsp.a(alt_iic.o)
 .debug_aranges
                0x0000000000000280       0x20 ../2D_Radar_bsp/\libhal_bsp.a(alt_iic_isr_register.o)
 .debug_aranges
                0x00000000000002a0       0x20 ../2D_Radar_bsp/\libhal_bsp.a(alt_io_redirect.o)
 .debug_aranges
                0x00000000000002c0       0x30 ../2D_Radar_bsp/\libhal_bsp.a(alt_irq_entry.o)
 .debug_aranges
                0x00000000000002f0       0x20 ../2D_Radar_bsp/\libhal_bsp.a(alt_irq_handler.o)
 .debug_aranges
                0x0000000000000310       0x18 ../2D_Radar_bsp/\libhal_bsp.a(alt_irq_vars.o)
 .debug_aranges
                0x0000000000000328       0x20 ../2D_Radar_bsp/\libhal_bsp.a(alt_open.o)
 .debug_aranges
                0x0000000000000348       0x20 ../2D_Radar_bsp/\libhal_bsp.a(alt_release_fd.o)
 .debug_aranges
                0x0000000000000368       0x20 ../2D_Radar_bsp/\libhal_bsp.a(alt_tick.o)
 .debug_aranges
                0x0000000000000388       0x20 ../2D_Radar_bsp/\libhal_bsp.a(altera_nios2_gen2_irq.o)
 .debug_aranges
                0x00000000000003a8       0x38 ../2D_Radar_bsp/\libhal_bsp.a(alt_exception_entry.o)
 .debug_aranges
                0x00000000000003e0       0x20 ../2D_Radar_bsp/\libhal_bsp.a(alt_find_dev.o)
 .debug_aranges
                0x0000000000000400       0x20 ../2D_Radar_bsp/\libhal_bsp.a(alt_find_file.o)
 .debug_aranges
                0x0000000000000420       0x20 ../2D_Radar_bsp/\libhal_bsp.a(alt_get_fd.o)
 .debug_aranges
                0x0000000000000440       0x28 ../2D_Radar_bsp/\libhal_bsp.a(alt_instruction_exception_entry.o)
 .debug_aranges
                0x0000000000000468       0x20 e:/intelfpga_lite/18.1/nios2eds/bin/gnu/h-x86_64-mingw32/bin/../lib/gcc/nios2-elf/5.3.0/../../../../../H-x86_64-mingw32/nios2-elf/lib/mno-hw-mul\libc.a(lib_a-atexit.o)
 .debug_aranges
                0x0000000000000488       0x20 e:/intelfpga_lite/18.1/nios2eds/bin/gnu/h-x86_64-mingw32/bin/../lib/gcc/nios2-elf/5.3.0/../../../../../H-x86_64-mingw32/nios2-elf/lib/mno-hw-mul\libc.a(lib_a-exit.o)
 .debug_aranges
                0x00000000000004a8       0x18 e:/intelfpga_lite/18.1/nios2eds/bin/gnu/h-x86_64-mingw32/bin/../lib/gcc/nios2-elf/5.3.0/../../../../../H-x86_64-mingw32/nios2-elf/lib/mno-hw-mul\libc.a(lib_a-impure.o)
 .debug_aranges
                0x00000000000004c0       0x18 e:/intelfpga_lite/18.1/nios2eds/bin/gnu/h-x86_64-mingw32/bin/../lib/gcc/nios2-elf/5.3.0/../../../../../H-x86_64-mingw32/nios2-elf/lib/mno-hw-mul\libc.a(lib_a-int_errno.o)
 .debug_aranges
                0x00000000000004d8       0x20 e:/intelfpga_lite/18.1/nios2eds/bin/gnu/h-x86_64-mingw32/bin/../lib/gcc/nios2-elf/5.3.0/../../../../../H-x86_64-mingw32/nios2-elf/lib/mno-hw-mul\libc.a(lib_a-memcmp.o)
 .debug_aranges
                0x00000000000004f8       0x20 e:/intelfpga_lite/18.1/nios2eds/bin/gnu/h-x86_64-mingw32/bin/../lib/gcc/nios2-elf/5.3.0/../../../../../H-x86_64-mingw32/nios2-elf/lib/mno-hw-mul\libc.a(lib_a-memcpy.o)
 .debug_aranges
                0x0000000000000518       0x20 e:/intelfpga_lite/18.1/nios2eds/bin/gnu/h-x86_64-mingw32/bin/../lib/gcc/nios2-elf/5.3.0/../../../../../H-x86_64-mingw32/nios2-elf/lib/mno-hw-mul\libc.a(lib_a-strlen.o)
 .debug_aranges
                0x0000000000000538       0x20 e:/intelfpga_lite/18.1/nios2eds/bin/gnu/h-x86_64-mingw32/bin/../lib/gcc/nios2-elf/5.3.0/../../../../../H-x86_64-mingw32/nios2-elf/lib/mno-hw-mul\libc.a(lib_a-__atexit.o)
 .debug_aranges
                0x0000000000000558       0x20 e:/intelfpga_lite/18.1/nios2eds/bin/gnu/h-x86_64-mingw32/bin/../lib/gcc/nios2-elf/5.3.0/../../../../../H-x86_64-mingw32/nios2-elf/lib/mno-hw-mul\libc.a(lib_a-__call_atexit.o)
 .debug_aranges
                0x0000000000000578       0x20 e:/intelfpga_lite/18.1/nios2eds/bin/gnu/h-x86_64-mingw32/bin/../lib/gcc/nios2-elf/5.3.0/mno-hw-mul\libgcc.a(lib2-mul.o)
 .debug_aranges
                0x0000000000000598       0x20 ../2D_Radar_bsp/\libhal_bsp.a(alt_exit.o)

.debug_pubnames
 *(.debug_pubnames)

.debug_info     0x0000000000000000     0x773b
 *(.debug_info .gnu.linkonce.wi.*)
 .debug_info    0x0000000000000000       0xac ../2D_Radar_bsp//obj/HAL/src/crt0.o
 .debug_info    0x00000000000000ac      0x145 ../2D_Radar_bsp/\libhal_bsp.a(alt_load.o)
 .debug_info    0x00000000000001f1      0x131 ../2D_Radar_bsp/\libhal_bsp.a(alt_main.o)
 .debug_info    0x0000000000000322      0x4d9 ../2D_Radar_bsp/\libhal_bsp.a(alt_sys_init.o)
 .debug_info    0x00000000000007fb      0x52e ../2D_Radar_bsp/\libhal_bsp.a(altera_avalon_jtag_uart_fd.o)
 .debug_info    0x0000000000000d29      0x3a0 ../2D_Radar_bsp/\libhal_bsp.a(altera_avalon_jtag_uart_init.o)
 .debug_info    0x00000000000010c9      0x280 ../2D_Radar_bsp/\libhal_bsp.a(altera_avalon_jtag_uart_ioctl.o)
 .debug_info    0x0000000000001349      0x345 ../2D_Radar_bsp/\libhal_bsp.a(altera_avalon_jtag_uart_read.o)
 .debug_info    0x000000000000168e      0x340 ../2D_Radar_bsp/\libhal_bsp.a(altera_avalon_jtag_uart_write.o)
 .debug_info    0x00000000000019ce      0x226 ../2D_Radar_bsp/\libhal_bsp.a(altera_avalon_timer_sc.o)
 .debug_info    0x0000000000001bf4      0x2cc ../2D_Radar_bsp/\libhal_bsp.a(alt_alarm_start.o)
 .debug_info    0x0000000000001ec0      0x321 ../2D_Radar_bsp/\libhal_bsp.a(alt_close.o)
 .debug_info    0x00000000000021e1       0x92 ../2D_Radar_bsp/\libhal_bsp.a(alt_dcache_flush_all.o)
 .debug_info    0x0000000000002273      0x49c ../2D_Radar_bsp/\libhal_bsp.a(alt_dev.o)
 .debug_info    0x000000000000270f      0x1a9 ../2D_Radar_bsp/\libhal_bsp.a(alt_dev_llist_insert.o)
 .debug_info    0x00000000000028b8       0x83 ../2D_Radar_bsp/\libhal_bsp.a(alt_do_ctors.o)
 .debug_info    0x000000000000293b       0x83 ../2D_Radar_bsp/\libhal_bsp.a(alt_do_dtors.o)
 .debug_info    0x00000000000029be       0xa6 ../2D_Radar_bsp/\libhal_bsp.a(alt_errno.o)
 .debug_info    0x0000000000002a64       0x92 ../2D_Radar_bsp/\libhal_bsp.a(alt_icache_flush_all.o)
 .debug_info    0x0000000000002af6      0x350 ../2D_Radar_bsp/\libhal_bsp.a(alt_iic.o)
 .debug_info    0x0000000000002e46      0x1ef ../2D_Radar_bsp/\libhal_bsp.a(alt_iic_isr_register.o)
 .debug_info    0x0000000000003035      0x4a5 ../2D_Radar_bsp/\libhal_bsp.a(alt_io_redirect.o)
 .debug_info    0x00000000000034da       0xb5 ../2D_Radar_bsp/\libhal_bsp.a(alt_irq_entry.o)
 .debug_info    0x000000000000358f      0x187 ../2D_Radar_bsp/\libhal_bsp.a(alt_irq_handler.o)
 .debug_info    0x0000000000003716       0x88 ../2D_Radar_bsp/\libhal_bsp.a(alt_irq_vars.o)
 .debug_info    0x000000000000379e      0x3bb ../2D_Radar_bsp/\libhal_bsp.a(alt_open.o)
 .debug_info    0x0000000000003b59      0x2b0 ../2D_Radar_bsp/\libhal_bsp.a(alt_release_fd.o)
 .debug_info    0x0000000000003e09      0x299 ../2D_Radar_bsp/\libhal_bsp.a(alt_tick.o)
 .debug_info    0x00000000000040a2       0x92 ../2D_Radar_bsp/\libhal_bsp.a(altera_nios2_gen2_irq.o)
 .debug_info    0x0000000000004134       0xbb ../2D_Radar_bsp/\libhal_bsp.a(alt_exception_entry.o)
 .debug_info    0x00000000000041ef      0x2e9 ../2D_Radar_bsp/\libhal_bsp.a(alt_find_dev.o)
 .debug_info    0x00000000000044d8      0x2e6 ../2D_Radar_bsp/\libhal_bsp.a(alt_find_file.o)
 .debug_info    0x00000000000047be      0x310 ../2D_Radar_bsp/\libhal_bsp.a(alt_get_fd.o)
 .debug_info    0x0000000000004ace      0x1e7 ../2D_Radar_bsp/\libhal_bsp.a(alt_instruction_exception_entry.o)
 .debug_info    0x0000000000004cb5       0xfe e:/intelfpga_lite/18.1/nios2eds/bin/gnu/h-x86_64-mingw32/bin/../lib/gcc/nios2-elf/5.3.0/../../../../../H-x86_64-mingw32/nios2-elf/lib/mno-hw-mul\libc.a(lib_a-atexit.o)
 .debug_info    0x0000000000004db3      0x8e4 e:/intelfpga_lite/18.1/nios2eds/bin/gnu/h-x86_64-mingw32/bin/../lib/gcc/nios2-elf/5.3.0/../../../../../H-x86_64-mingw32/nios2-elf/lib/mno-hw-mul\libc.a(lib_a-exit.o)
 .debug_info    0x0000000000005697      0x8a1 e:/intelfpga_lite/18.1/nios2eds/bin/gnu/h-x86_64-mingw32/bin/../lib/gcc/nios2-elf/5.3.0/../../../../../H-x86_64-mingw32/nios2-elf/lib/mno-hw-mul\libc.a(lib_a-impure.o)
 .debug_info    0x0000000000005f38       0x8a e:/intelfpga_lite/18.1/nios2eds/bin/gnu/h-x86_64-mingw32/bin/../lib/gcc/nios2-elf/5.3.0/../../../../../H-x86_64-mingw32/nios2-elf/lib/mno-hw-mul\libc.a(lib_a-int_errno.o)
 .debug_info    0x0000000000005fc2      0x11a e:/intelfpga_lite/18.1/nios2eds/bin/gnu/h-x86_64-mingw32/bin/../lib/gcc/nios2-elf/5.3.0/../../../../../H-x86_64-mingw32/nios2-elf/lib/mno-hw-mul\libc.a(lib_a-memcmp.o)
 .debug_info    0x00000000000060dc      0x144 e:/intelfpga_lite/18.1/nios2eds/bin/gnu/h-x86_64-mingw32/bin/../lib/gcc/nios2-elf/5.3.0/../../../../../H-x86_64-mingw32/nios2-elf/lib/mno-hw-mul\libc.a(lib_a-memcpy.o)
 .debug_info    0x0000000000006220       0xe2 e:/intelfpga_lite/18.1/nios2eds/bin/gnu/h-x86_64-mingw32/bin/../lib/gcc/nios2-elf/5.3.0/../../../../../H-x86_64-mingw32/nios2-elf/lib/mno-hw-mul\libc.a(lib_a-strlen.o)
 .debug_info    0x0000000000006302      0x934 e:/intelfpga_lite/18.1/nios2eds/bin/gnu/h-x86_64-mingw32/bin/../lib/gcc/nios2-elf/5.3.0/../../../../../H-x86_64-mingw32/nios2-elf/lib/mno-hw-mul\libc.a(lib_a-__atexit.o)
 .debug_info    0x0000000000006c36      0x965 e:/intelfpga_lite/18.1/nios2eds/bin/gnu/h-x86_64-mingw32/bin/../lib/gcc/nios2-elf/5.3.0/../../../../../H-x86_64-mingw32/nios2-elf/lib/mno-hw-mul\libc.a(lib_a-__call_atexit.o)
 .debug_info    0x000000000000759b       0xb4 e:/intelfpga_lite/18.1/nios2eds/bin/gnu/h-x86_64-mingw32/bin/../lib/gcc/nios2-elf/5.3.0/mno-hw-mul\libgcc.a(lib2-mul.o)
 .debug_info    0x000000000000764f       0xec ../2D_Radar_bsp/\libhal_bsp.a(alt_exit.o)

.debug_abbrev   0x0000000000000000     0x2a09
 *(.debug_abbrev)
 .debug_abbrev  0x0000000000000000       0x12 ../2D_Radar_bsp//obj/HAL/src/crt0.o
 .debug_abbrev  0x0000000000000012       0x9f ../2D_Radar_bsp/\libhal_bsp.a(alt_load.o)
 .debug_abbrev  0x00000000000000b1       0xba ../2D_Radar_bsp/\libhal_bsp.a(alt_main.o)
 .debug_abbrev  0x000000000000016b      0x187 ../2D_Radar_bsp/\libhal_bsp.a(alt_sys_init.o)
 .debug_abbrev  0x00000000000002f2      0x127 ../2D_Radar_bsp/\libhal_bsp.a(altera_avalon_jtag_uart_fd.o)
 .debug_abbrev  0x0000000000000419      0x19e ../2D_Radar_bsp/\libhal_bsp.a(altera_avalon_jtag_uart_init.o)
 .debug_abbrev  0x00000000000005b7      0x111 ../2D_Radar_bsp/\libhal_bsp.a(altera_avalon_jtag_uart_ioctl.o)
 .debug_abbrev  0x00000000000006c8      0x1aa ../2D_Radar_bsp/\libhal_bsp.a(altera_avalon_jtag_uart_read.o)
 .debug_abbrev  0x0000000000000872      0x1a8 ../2D_Radar_bsp/\libhal_bsp.a(altera_avalon_jtag_uart_write.o)
 .debug_abbrev  0x0000000000000a1a      0x155 ../2D_Radar_bsp/\libhal_bsp.a(altera_avalon_timer_sc.o)
 .debug_abbrev  0x0000000000000b6f      0x162 ../2D_Radar_bsp/\libhal_bsp.a(alt_alarm_start.o)
 .debug_abbrev  0x0000000000000cd1      0x11f ../2D_Radar_bsp/\libhal_bsp.a(alt_close.o)
 .debug_abbrev  0x0000000000000df0       0x42 ../2D_Radar_bsp/\libhal_bsp.a(alt_dcache_flush_all.o)
 .debug_abbrev  0x0000000000000e32       0xd9 ../2D_Radar_bsp/\libhal_bsp.a(alt_dev.o)
 .debug_abbrev  0x0000000000000f0b      0x114 ../2D_Radar_bsp/\libhal_bsp.a(alt_dev_llist_insert.o)
 .debug_abbrev  0x000000000000101f       0x79 ../2D_Radar_bsp/\libhal_bsp.a(alt_do_ctors.o)
 .debug_abbrev  0x0000000000001098       0x79 ../2D_Radar_bsp/\libhal_bsp.a(alt_do_dtors.o)
 .debug_abbrev  0x0000000000001111       0x5a ../2D_Radar_bsp/\libhal_bsp.a(alt_errno.o)
 .debug_abbrev  0x000000000000116b       0x42 ../2D_Radar_bsp/\libhal_bsp.a(alt_icache_flush_all.o)
 .debug_abbrev  0x00000000000011ad      0x163 ../2D_Radar_bsp/\libhal_bsp.a(alt_iic.o)
 .debug_abbrev  0x0000000000001310      0x169 ../2D_Radar_bsp/\libhal_bsp.a(alt_iic_isr_register.o)
 .debug_abbrev  0x0000000000001479      0x114 ../2D_Radar_bsp/\libhal_bsp.a(alt_io_redirect.o)
 .debug_abbrev  0x000000000000158d       0x12 ../2D_Radar_bsp/\libhal_bsp.a(alt_irq_entry.o)
 .debug_abbrev  0x000000000000159f      0x122 ../2D_Radar_bsp/\libhal_bsp.a(alt_irq_handler.o)
 .debug_abbrev  0x00000000000016c1       0x40 ../2D_Radar_bsp/\libhal_bsp.a(alt_irq_vars.o)
 .debug_abbrev  0x0000000000001701      0x148 ../2D_Radar_bsp/\libhal_bsp.a(alt_open.o)
 .debug_abbrev  0x0000000000001849       0xde ../2D_Radar_bsp/\libhal_bsp.a(alt_release_fd.o)
 .debug_abbrev  0x0000000000001927      0x15a ../2D_Radar_bsp/\libhal_bsp.a(alt_tick.o)
 .debug_abbrev  0x0000000000001a81       0x42 ../2D_Radar_bsp/\libhal_bsp.a(altera_nios2_gen2_irq.o)
 .debug_abbrev  0x0000000000001ac3       0x12 ../2D_Radar_bsp/\libhal_bsp.a(alt_exception_entry.o)
 .debug_abbrev  0x0000000000001ad5       0xf0 ../2D_Radar_bsp/\libhal_bsp.a(alt_find_dev.o)
 .debug_abbrev  0x0000000000001bc5       0xf0 ../2D_Radar_bsp/\libhal_bsp.a(alt_find_file.o)
 .debug_abbrev  0x0000000000001cb5      0x10d ../2D_Radar_bsp/\libhal_bsp.a(alt_get_fd.o)
 .debug_abbrev  0x0000000000001dc2       0xdc ../2D_Radar_bsp/\libhal_bsp.a(alt_instruction_exception_entry.o)
 .debug_abbrev  0x0000000000001e9e       0xaa e:/intelfpga_lite/18.1/nios2eds/bin/gnu/h-x86_64-mingw32/bin/../lib/gcc/nios2-elf/5.3.0/../../../../../H-x86_64-mingw32/nios2-elf/lib/mno-hw-mul\libc.a(lib_a-atexit.o)
 .debug_abbrev  0x0000000000001f48      0x1e5 e:/intelfpga_lite/18.1/nios2eds/bin/gnu/h-x86_64-mingw32/bin/../lib/gcc/nios2-elf/5.3.0/../../../../../H-x86_64-mingw32/nios2-elf/lib/mno-hw-mul\libc.a(lib_a-exit.o)
 .debug_abbrev  0x000000000000212d      0x18f e:/intelfpga_lite/18.1/nios2eds/bin/gnu/h-x86_64-mingw32/bin/../lib/gcc/nios2-elf/5.3.0/../../../../../H-x86_64-mingw32/nios2-elf/lib/mno-hw-mul\libc.a(lib_a-impure.o)
 .debug_abbrev  0x00000000000022bc       0x37 e:/intelfpga_lite/18.1/nios2eds/bin/gnu/h-x86_64-mingw32/bin/../lib/gcc/nios2-elf/5.3.0/../../../../../H-x86_64-mingw32/nios2-elf/lib/mno-hw-mul\libc.a(lib_a-int_errno.o)
 .debug_abbrev  0x00000000000022f3       0x7f e:/intelfpga_lite/18.1/nios2eds/bin/gnu/h-x86_64-mingw32/bin/../lib/gcc/nios2-elf/5.3.0/../../../../../H-x86_64-mingw32/nios2-elf/lib/mno-hw-mul\libc.a(lib_a-memcmp.o)
 .debug_abbrev  0x0000000000002372       0xa3 e:/intelfpga_lite/18.1/nios2eds/bin/gnu/h-x86_64-mingw32/bin/../lib/gcc/nios2-elf/5.3.0/../../../../../H-x86_64-mingw32/nios2-elf/lib/mno-hw-mul\libc.a(lib_a-memcpy.o)
 .debug_abbrev  0x0000000000002415       0x90 e:/intelfpga_lite/18.1/nios2eds/bin/gnu/h-x86_64-mingw32/bin/../lib/gcc/nios2-elf/5.3.0/../../../../../H-x86_64-mingw32/nios2-elf/lib/mno-hw-mul\libc.a(lib_a-strlen.o)
 .debug_abbrev  0x00000000000024a5      0x21e e:/intelfpga_lite/18.1/nios2eds/bin/gnu/h-x86_64-mingw32/bin/../lib/gcc/nios2-elf/5.3.0/../../../../../H-x86_64-mingw32/nios2-elf/lib/mno-hw-mul\libc.a(lib_a-__atexit.o)
 .debug_abbrev  0x00000000000026c3      0x22e e:/intelfpga_lite/18.1/nios2eds/bin/gnu/h-x86_64-mingw32/bin/../lib/gcc/nios2-elf/5.3.0/../../../../../H-x86_64-mingw32/nios2-elf/lib/mno-hw-mul\libc.a(lib_a-__call_atexit.o)
 .debug_abbrev  0x00000000000028f1       0x6f e:/intelfpga_lite/18.1/nios2eds/bin/gnu/h-x86_64-mingw32/bin/../lib/gcc/nios2-elf/5.3.0/mno-hw-mul\libgcc.a(lib2-mul.o)
 .debug_abbrev  0x0000000000002960       0xa9 ../2D_Radar_bsp/\libhal_bsp.a(alt_exit.o)

.debug_line     0x0000000000000000     0x2a2c
 *(.debug_line)
 .debug_line    0x0000000000000000       0x66 ../2D_Radar_bsp//obj/HAL/src/crt0.o
 .debug_line    0x0000000000000066       0x8e ../2D_Radar_bsp/\libhal_bsp.a(alt_load.o)
 .debug_line    0x00000000000000f4       0xa4 ../2D_Radar_bsp/\libhal_bsp.a(alt_main.o)
 .debug_line    0x0000000000000198      0x152 ../2D_Radar_bsp/\libhal_bsp.a(alt_sys_init.o)
 .debug_line    0x00000000000002ea      0x12f ../2D_Radar_bsp/\libhal_bsp.a(altera_avalon_jtag_uart_fd.o)
 .debug_line    0x0000000000000419      0x18b ../2D_Radar_bsp/\libhal_bsp.a(altera_avalon_jtag_uart_init.o)
 .debug_line    0x00000000000005a4      0x131 ../2D_Radar_bsp/\libhal_bsp.a(altera_avalon_jtag_uart_ioctl.o)
 .debug_line    0x00000000000006d5      0x171 ../2D_Radar_bsp/\libhal_bsp.a(altera_avalon_jtag_uart_read.o)
 .debug_line    0x0000000000000846      0x170 ../2D_Radar_bsp/\libhal_bsp.a(altera_avalon_jtag_uart_write.o)
 .debug_line    0x00000000000009b6       0xfd ../2D_Radar_bsp/\libhal_bsp.a(altera_avalon_timer_sc.o)
 .debug_line    0x0000000000000ab3       0xf9 ../2D_Radar_bsp/\libhal_bsp.a(alt_alarm_start.o)
 .debug_line    0x0000000000000bac      0x165 ../2D_Radar_bsp/\libhal_bsp.a(alt_close.o)
 .debug_line    0x0000000000000d11       0x51 ../2D_Radar_bsp/\libhal_bsp.a(alt_dcache_flush_all.o)
 .debug_line    0x0000000000000d62       0xf8 ../2D_Radar_bsp/\libhal_bsp.a(alt_dev.o)
 .debug_line    0x0000000000000e5a       0xcf ../2D_Radar_bsp/\libhal_bsp.a(alt_dev_llist_insert.o)
 .debug_line    0x0000000000000f29       0x59 ../2D_Radar_bsp/\libhal_bsp.a(alt_do_ctors.o)
 .debug_line    0x0000000000000f82       0x59 ../2D_Radar_bsp/\libhal_bsp.a(alt_do_dtors.o)
 .debug_line    0x0000000000000fdb       0x51 ../2D_Radar_bsp/\libhal_bsp.a(alt_errno.o)
 .debug_line    0x000000000000102c       0x4f ../2D_Radar_bsp/\libhal_bsp.a(alt_icache_flush_all.o)
 .debug_line    0x000000000000107b       0xeb ../2D_Radar_bsp/\libhal_bsp.a(alt_iic.o)
 .debug_line    0x0000000000001166       0xdb ../2D_Radar_bsp/\libhal_bsp.a(alt_iic_isr_register.o)
 .debug_line    0x0000000000001241      0x135 ../2D_Radar_bsp/\libhal_bsp.a(alt_io_redirect.o)
 .debug_line    0x0000000000001376       0x6b ../2D_Radar_bsp/\libhal_bsp.a(alt_irq_entry.o)
 .debug_line    0x00000000000013e1       0xaa ../2D_Radar_bsp/\libhal_bsp.a(alt_irq_handler.o)
 .debug_line    0x000000000000148b       0x50 ../2D_Radar_bsp/\libhal_bsp.a(alt_irq_vars.o)
 .debug_line    0x00000000000014db      0x12b ../2D_Radar_bsp/\libhal_bsp.a(alt_open.o)
 .debug_line    0x0000000000001606       0xb0 ../2D_Radar_bsp/\libhal_bsp.a(alt_release_fd.o)
 .debug_line    0x00000000000016b6       0xff ../2D_Radar_bsp/\libhal_bsp.a(alt_tick.o)
 .debug_line    0x00000000000017b5       0x51 ../2D_Radar_bsp/\libhal_bsp.a(altera_nios2_gen2_irq.o)
 .debug_line    0x0000000000001806       0xb3 ../2D_Radar_bsp/\libhal_bsp.a(alt_exception_entry.o)
 .debug_line    0x00000000000018b9       0xb5 ../2D_Radar_bsp/\libhal_bsp.a(alt_find_dev.o)
 .debug_line    0x000000000000196e       0xd1 ../2D_Radar_bsp/\libhal_bsp.a(alt_find_file.o)
 .debug_line    0x0000000000001a3f       0xd7 ../2D_Radar_bsp/\libhal_bsp.a(alt_get_fd.o)
 .debug_line    0x0000000000001b16       0xb9 ../2D_Radar_bsp/\libhal_bsp.a(alt_instruction_exception_entry.o)
 .debug_line    0x0000000000001bcf       0xe7 e:/intelfpga_lite/18.1/nios2eds/bin/gnu/h-x86_64-mingw32/bin/../lib/gcc/nios2-elf/5.3.0/../../../../../H-x86_64-mingw32/nios2-elf/lib/mno-hw-mul\libc.a(lib_a-atexit.o)
 .debug_line    0x0000000000001cb6      0x1fc e:/intelfpga_lite/18.1/nios2eds/bin/gnu/h-x86_64-mingw32/bin/../lib/gcc/nios2-elf/5.3.0/../../../../../H-x86_64-mingw32/nios2-elf/lib/mno-hw-mul\libc.a(lib_a-exit.o)
 .debug_line    0x0000000000001eb2      0x160 e:/intelfpga_lite/18.1/nios2eds/bin/gnu/h-x86_64-mingw32/bin/../lib/gcc/nios2-elf/5.3.0/../../../../../H-x86_64-mingw32/nios2-elf/lib/mno-hw-mul\libc.a(lib_a-impure.o)
 .debug_line    0x0000000000002012       0x5f e:/intelfpga_lite/18.1/nios2eds/bin/gnu/h-x86_64-mingw32/bin/../lib/gcc/nios2-elf/5.3.0/../../../../../H-x86_64-mingw32/nios2-elf/lib/mno-hw-mul\libc.a(lib_a-int_errno.o)
 .debug_line    0x0000000000002071      0x176 e:/intelfpga_lite/18.1/nios2eds/bin/gnu/h-x86_64-mingw32/bin/../lib/gcc/nios2-elf/5.3.0/../../../../../H-x86_64-mingw32/nios2-elf/lib/mno-hw-mul\libc.a(lib_a-memcmp.o)
 .debug_line    0x00000000000021e7      0x18c e:/intelfpga_lite/18.1/nios2eds/bin/gnu/h-x86_64-mingw32/bin/../lib/gcc/nios2-elf/5.3.0/../../../../../H-x86_64-mingw32/nios2-elf/lib/mno-hw-mul\libc.a(lib_a-memcpy.o)
 .debug_line    0x0000000000002373      0x16f e:/intelfpga_lite/18.1/nios2eds/bin/gnu/h-x86_64-mingw32/bin/../lib/gcc/nios2-elf/5.3.0/../../../../../H-x86_64-mingw32/nios2-elf/lib/mno-hw-mul\libc.a(lib_a-strlen.o)
 .debug_line    0x00000000000024e2      0x21f e:/intelfpga_lite/18.1/nios2eds/bin/gnu/h-x86_64-mingw32/bin/../lib/gcc/nios2-elf/5.3.0/../../../../../H-x86_64-mingw32/nios2-elf/lib/mno-hw-mul\libc.a(lib_a-__atexit.o)
 .debug_line    0x0000000000002701      0x23a e:/intelfpga_lite/18.1/nios2eds/bin/gnu/h-x86_64-mingw32/bin/../lib/gcc/nios2-elf/5.3.0/../../../../../H-x86_64-mingw32/nios2-elf/lib/mno-hw-mul\libc.a(lib_a-__call_atexit.o)
 .debug_line    0x000000000000293b       0x80 e:/intelfpga_lite/18.1/nios2eds/bin/gnu/h-x86_64-mingw32/bin/../lib/gcc/nios2-elf/5.3.0/mno-hw-mul\libgcc.a(lib2-mul.o)
 .debug_line    0x00000000000029bb       0x71 ../2D_Radar_bsp/\libhal_bsp.a(alt_exit.o)

.debug_frame    0x0000000000000000      0xad8
 *(.debug_frame)
 .debug_frame   0x0000000000000000       0x5c ../2D_Radar_bsp/\libhal_bsp.a(alt_load.o)
 .debug_frame   0x000000000000005c       0x2c ../2D_Radar_bsp/\libhal_bsp.a(alt_main.o)
 .debug_frame   0x0000000000000088       0x88 ../2D_Radar_bsp/\libhal_bsp.a(alt_sys_init.o)
 .debug_frame   0x0000000000000110       0xb0 ../2D_Radar_bsp/\libhal_bsp.a(altera_avalon_jtag_uart_fd.o)
 .debug_frame   0x00000000000001c0       0xa4 ../2D_Radar_bsp/\libhal_bsp.a(altera_avalon_jtag_uart_init.o)
 .debug_frame   0x0000000000000264       0x34 ../2D_Radar_bsp/\libhal_bsp.a(altera_avalon_jtag_uart_ioctl.o)
 .debug_frame   0x0000000000000298       0x38 ../2D_Radar_bsp/\libhal_bsp.a(altera_avalon_jtag_uart_read.o)
 .debug_frame   0x00000000000002d0       0x38 ../2D_Radar_bsp/\libhal_bsp.a(altera_avalon_jtag_uart_write.o)
 .debug_frame   0x0000000000000308       0x60 ../2D_Radar_bsp/\libhal_bsp.a(altera_avalon_timer_sc.o)
 .debug_frame   0x0000000000000368       0x34 ../2D_Radar_bsp/\libhal_bsp.a(alt_alarm_start.o)
 .debug_frame   0x000000000000039c       0x60 ../2D_Radar_bsp/\libhal_bsp.a(alt_close.o)
 .debug_frame   0x00000000000003fc       0x34 ../2D_Radar_bsp/\libhal_bsp.a(alt_dcache_flush_all.o)
 .debug_frame   0x0000000000000430       0x34 ../2D_Radar_bsp/\libhal_bsp.a(alt_dev.o)
 .debug_frame   0x0000000000000464       0x60 ../2D_Radar_bsp/\libhal_bsp.a(alt_dev_llist_insert.o)
 .debug_frame   0x00000000000004c4       0x38 ../2D_Radar_bsp/\libhal_bsp.a(alt_do_ctors.o)
 .debug_frame   0x00000000000004fc       0x38 ../2D_Radar_bsp/\libhal_bsp.a(alt_do_dtors.o)
 .debug_frame   0x0000000000000534       0x34 ../2D_Radar_bsp/\libhal_bsp.a(alt_icache_flush_all.o)
 .debug_frame   0x0000000000000568       0xa4 ../2D_Radar_bsp/\libhal_bsp.a(alt_iic.o)
 .debug_frame   0x000000000000060c       0x38 ../2D_Radar_bsp/\libhal_bsp.a(alt_iic_isr_register.o)
 .debug_frame   0x0000000000000644       0x64 ../2D_Radar_bsp/\libhal_bsp.a(alt_io_redirect.o)
 .debug_frame   0x00000000000006a8       0x38 ../2D_Radar_bsp/\libhal_bsp.a(alt_irq_handler.o)
 .debug_frame   0x00000000000006e0       0x8c ../2D_Radar_bsp/\libhal_bsp.a(alt_open.o)
 .debug_frame   0x000000000000076c       0x3c ../2D_Radar_bsp/\libhal_bsp.a(alt_release_fd.o)
 .debug_frame   0x00000000000007a8       0x5c ../2D_Radar_bsp/\libhal_bsp.a(alt_tick.o)
 .debug_frame   0x0000000000000804       0x34 ../2D_Radar_bsp/\libhal_bsp.a(altera_nios2_gen2_irq.o)
 .debug_frame   0x0000000000000838       0x38 ../2D_Radar_bsp/\libhal_bsp.a(alt_find_dev.o)
 .debug_frame   0x0000000000000870       0x38 ../2D_Radar_bsp/\libhal_bsp.a(alt_find_file.o)
 .debug_frame   0x00000000000008a8       0x3c ../2D_Radar_bsp/\libhal_bsp.a(alt_get_fd.o)
 .debug_frame   0x00000000000008e4       0x5c ../2D_Radar_bsp/\libhal_bsp.a(alt_instruction_exception_entry.o)
 .debug_frame   0x0000000000000940       0x20 e:/intelfpga_lite/18.1/nios2eds/bin/gnu/h-x86_64-mingw32/bin/../lib/gcc/nios2-elf/5.3.0/../../../../../H-x86_64-mingw32/nios2-elf/lib/mno-hw-mul\libc.a(lib_a-atexit.o)
 .debug_frame   0x0000000000000960       0x28 e:/intelfpga_lite/18.1/nios2eds/bin/gnu/h-x86_64-mingw32/bin/../lib/gcc/nios2-elf/5.3.0/../../../../../H-x86_64-mingw32/nios2-elf/lib/mno-hw-mul\libc.a(lib_a-exit.o)
 .debug_frame   0x0000000000000988       0x20 e:/intelfpga_lite/18.1/nios2eds/bin/gnu/h-x86_64-mingw32/bin/../lib/gcc/nios2-elf/5.3.0/../../../../../H-x86_64-mingw32/nios2-elf/lib/mno-hw-mul\libc.a(lib_a-memcmp.o)
 .debug_frame   0x00000000000009a8       0x38 e:/intelfpga_lite/18.1/nios2eds/bin/gnu/h-x86_64-mingw32/bin/../lib/gcc/nios2-elf/5.3.0/../../../../../H-x86_64-mingw32/nios2-elf/lib/mno-hw-mul\libc.a(lib_a-memcpy.o)
 .debug_frame   0x00000000000009e0       0x20 e:/intelfpga_lite/18.1/nios2eds/bin/gnu/h-x86_64-mingw32/bin/../lib/gcc/nios2-elf/5.3.0/../../../../../H-x86_64-mingw32/nios2-elf/lib/mno-hw-mul\libc.a(lib_a-strlen.o)
 .debug_frame   0x0000000000000a00       0x38 e:/intelfpga_lite/18.1/nios2eds/bin/gnu/h-x86_64-mingw32/bin/../lib/gcc/nios2-elf/5.3.0/../../../../../H-x86_64-mingw32/nios2-elf/lib/mno-hw-mul\libc.a(lib_a-__atexit.o)
 .debug_frame   0x0000000000000a38       0x54 e:/intelfpga_lite/18.1/nios2eds/bin/gnu/h-x86_64-mingw32/bin/../lib/gcc/nios2-elf/5.3.0/../../../../../H-x86_64-mingw32/nios2-elf/lib/mno-hw-mul\libc.a(lib_a-__call_atexit.o)
 .debug_frame   0x0000000000000a8c       0x20 e:/intelfpga_lite/18.1/nios2eds/bin/gnu/h-x86_64-mingw32/bin/../lib/gcc/nios2-elf/5.3.0/mno-hw-mul\libgcc.a(lib2-mul.o)
 .debug_frame   0x0000000000000aac       0x2c ../2D_Radar_bsp/\libhal_bsp.a(alt_exit.o)

.debug_str      0x0000000000000000     0x1c04
 *(.debug_str)
 .debug_str     0x0000000000000000      0x22d ../2D_Radar_bsp/\libhal_bsp.a(alt_load.o)
                                        0x266 (size before relaxing)
 .debug_str     0x000000000000022d       0x70 ../2D_Radar_bsp/\libhal_bsp.a(alt_main.o)
                                        0x1f1 (size before relaxing)
 .debug_str     0x000000000000029d      0x1d8 ../2D_Radar_bsp/\libhal_bsp.a(alt_sys_init.o)
                                        0x3e2 (size before relaxing)
 .debug_str     0x0000000000000475       0xb9 ../2D_Radar_bsp/\libhal_bsp.a(altera_avalon_jtag_uart_fd.o)
                                        0x3f8 (size before relaxing)
 .debug_str     0x000000000000052e       0xd1 ../2D_Radar_bsp/\libhal_bsp.a(altera_avalon_jtag_uart_init.o)
                                        0x38c (size before relaxing)
 .debug_str     0x00000000000005ff       0x4a ../2D_Radar_bsp/\libhal_bsp.a(altera_avalon_jtag_uart_ioctl.o)
                                        0x2e7 (size before relaxing)
 .debug_str     0x0000000000000649       0x7f ../2D_Radar_bsp/\libhal_bsp.a(altera_avalon_jtag_uart_read.o)
                                        0x33c (size before relaxing)
 .debug_str     0x00000000000006c8       0x4a ../2D_Radar_bsp/\libhal_bsp.a(altera_avalon_jtag_uart_write.o)
                                        0x33d (size before relaxing)
 .debug_str     0x0000000000000712       0x6d ../2D_Radar_bsp/\libhal_bsp.a(altera_avalon_timer_sc.o)
                                        0x29f (size before relaxing)
 .debug_str     0x000000000000077f       0x59 ../2D_Radar_bsp/\libhal_bsp.a(alt_alarm_start.o)
                                        0x2d2 (size before relaxing)
 .debug_str     0x00000000000007d8       0x44 ../2D_Radar_bsp/\libhal_bsp.a(alt_close.o)
                                        0x25f (size before relaxing)
 .debug_str     0x000000000000081c       0x34 ../2D_Radar_bsp/\libhal_bsp.a(alt_dcache_flush_all.o)
                                        0x1a9 (size before relaxing)
 .debug_str     0x0000000000000850      0x120 ../2D_Radar_bsp/\libhal_bsp.a(alt_dev.o)
                                        0x359 (size before relaxing)
 .debug_str     0x0000000000000970       0x34 ../2D_Radar_bsp/\libhal_bsp.a(alt_dev_llist_insert.o)
                                        0x220 (size before relaxing)
 .debug_str     0x00000000000009a4       0x48 ../2D_Radar_bsp/\libhal_bsp.a(alt_do_ctors.o)
                                        0x124 (size before relaxing)
 .debug_str     0x00000000000009ec       0x4c ../2D_Radar_bsp/\libhal_bsp.a(alt_do_dtors.o)
                                        0x123 (size before relaxing)
 .debug_str     0x0000000000000a38       0x14 ../2D_Radar_bsp/\libhal_bsp.a(alt_errno.o)
                                        0x199 (size before relaxing)
 .debug_str     0x0000000000000a4c       0x34 ../2D_Radar_bsp/\libhal_bsp.a(alt_icache_flush_all.o)
                                        0x1a9 (size before relaxing)
 .debug_str     0x0000000000000a80       0xc4 ../2D_Radar_bsp/\libhal_bsp.a(alt_iic.o)
                                        0x292 (size before relaxing)
 .debug_str     0x0000000000000b44       0x4c ../2D_Radar_bsp/\libhal_bsp.a(alt_iic_isr_register.o)
                                        0x23c (size before relaxing)
 .debug_str     0x0000000000000b90       0x56 ../2D_Radar_bsp/\libhal_bsp.a(alt_io_redirect.o)
                                        0x36a (size before relaxing)
 .debug_str     0x0000000000000be6       0x3a ../2D_Radar_bsp/\libhal_bsp.a(alt_irq_handler.o)
                                        0x1eb (size before relaxing)
 .debug_str     0x0000000000000c20       0x17 ../2D_Radar_bsp/\libhal_bsp.a(alt_irq_vars.o)
                                        0x18e (size before relaxing)
 .debug_str     0x0000000000000c37       0x2f ../2D_Radar_bsp/\libhal_bsp.a(alt_open.o)
                                        0x29f (size before relaxing)
 .debug_str     0x0000000000000c66       0x28 ../2D_Radar_bsp/\libhal_bsp.a(alt_release_fd.o)
                                        0x227 (size before relaxing)
 .debug_str     0x0000000000000c8e       0x4a ../2D_Radar_bsp/\libhal_bsp.a(alt_tick.o)
                                        0x2a6 (size before relaxing)
 .debug_str     0x0000000000000cd8       0x3b ../2D_Radar_bsp/\libhal_bsp.a(altera_nios2_gen2_irq.o)
                                        0x1b0 (size before relaxing)
 .debug_str     0x0000000000000d13       0x24 ../2D_Radar_bsp/\libhal_bsp.a(alt_find_dev.o)
                                        0x240 (size before relaxing)
 .debug_str     0x0000000000000d37       0x26 ../2D_Radar_bsp/\libhal_bsp.a(alt_find_file.o)
                                        0x24e (size before relaxing)
 .debug_str     0x0000000000000d5d       0x30 ../2D_Radar_bsp/\libhal_bsp.a(alt_get_fd.o)
                                        0x270 (size before relaxing)
 .debug_str     0x0000000000000d8d      0x48b ../2D_Radar_bsp/\libhal_bsp.a(alt_instruction_exception_entry.o)
                                        0x5f4 (size before relaxing)
 .debug_str     0x0000000000001218      0x17c e:/intelfpga_lite/18.1/nios2eds/bin/gnu/h-x86_64-mingw32/bin/../lib/gcc/nios2-elf/5.3.0/../../../../../H-x86_64-mingw32/nios2-elf/lib/mno-hw-mul\libc.a(lib_a-atexit.o)
                                        0x221 (size before relaxing)
 .debug_str     0x0000000000001394      0x3af e:/intelfpga_lite/18.1/nios2eds/bin/gnu/h-x86_64-mingw32/bin/../lib/gcc/nios2-elf/5.3.0/../../../../../H-x86_64-mingw32/nios2-elf/lib/mno-hw-mul\libc.a(lib_a-exit.o)
                                        0x5be (size before relaxing)
 .debug_str     0x0000000000001743       0xd6 e:/intelfpga_lite/18.1/nios2eds/bin/gnu/h-x86_64-mingw32/bin/../lib/gcc/nios2-elf/5.3.0/../../../../../H-x86_64-mingw32/nios2-elf/lib/mno-hw-mul\libc.a(lib_a-impure.o)
                                        0x5b5 (size before relaxing)
 .debug_str     0x0000000000001819       0x3f e:/intelfpga_lite/18.1/nios2eds/bin/gnu/h-x86_64-mingw32/bin/../lib/gcc/nios2-elf/5.3.0/../../../../../H-x86_64-mingw32/nios2-elf/lib/mno-hw-mul\libc.a(lib_a-int_errno.o)
                                        0x1dd (size before relaxing)
 .debug_str     0x0000000000001858       0xda e:/intelfpga_lite/18.1/nios2eds/bin/gnu/h-x86_64-mingw32/bin/../lib/gcc/nios2-elf/5.3.0/../../../../../H-x86_64-mingw32/nios2-elf/lib/mno-hw-mul\libc.a(lib_a-memcmp.o)
                                        0x1e4 (size before relaxing)
 .debug_str     0x0000000000001932       0x6b e:/intelfpga_lite/18.1/nios2eds/bin/gnu/h-x86_64-mingw32/bin/../lib/gcc/nios2-elf/5.3.0/../../../../../H-x86_64-mingw32/nios2-elf/lib/mno-hw-mul\libc.a(lib_a-memcpy.o)
                                        0x20b (size before relaxing)
 .debug_str     0x000000000000199d       0x51 e:/intelfpga_lite/18.1/nios2eds/bin/gnu/h-x86_64-mingw32/bin/../lib/gcc/nios2-elf/5.3.0/../../../../../H-x86_64-mingw32/nios2-elf/lib/mno-hw-mul\libc.a(lib_a-strlen.o)
                                        0x1f7 (size before relaxing)
 .debug_str     0x00000000000019ee       0x3f e:/intelfpga_lite/18.1/nios2eds/bin/gnu/h-x86_64-mingw32/bin/../lib/gcc/nios2-elf/5.3.0/../../../../../H-x86_64-mingw32/nios2-elf/lib/mno-hw-mul\libc.a(lib_a-__atexit.o)
                                        0x5f6 (size before relaxing)
 .debug_str     0x0000000000001a2d       0x65 e:/intelfpga_lite/18.1/nios2eds/bin/gnu/h-x86_64-mingw32/bin/../lib/gcc/nios2-elf/5.3.0/../../../../../H-x86_64-mingw32/nios2-elf/lib/mno-hw-mul\libc.a(lib_a-__call_atexit.o)
                                        0x5e2 (size before relaxing)
 .debug_str     0x0000000000001a92      0x148 e:/intelfpga_lite/18.1/nios2eds/bin/gnu/h-x86_64-mingw32/bin/../lib/gcc/nios2-elf/5.3.0/mno-hw-mul\libgcc.a(lib2-mul.o)
                                        0x193 (size before relaxing)
 .debug_str     0x0000000000001bda       0x2a ../2D_Radar_bsp/\libhal_bsp.a(alt_exit.o)
                                        0x1a5 (size before relaxing)

.debug_loc      0x0000000000000000      0x803
 *(.debug_loc)
 .debug_loc     0x0000000000000000       0x2c e:/intelfpga_lite/18.1/nios2eds/bin/gnu/h-x86_64-mingw32/bin/../lib/gcc/nios2-elf/5.3.0/../../../../../H-x86_64-mingw32/nios2-elf/lib/mno-hw-mul\libc.a(lib_a-atexit.o)
 .debug_loc     0x000000000000002c       0x1e e:/intelfpga_lite/18.1/nios2eds/bin/gnu/h-x86_64-mingw32/bin/../lib/gcc/nios2-elf/5.3.0/../../../../../H-x86_64-mingw32/nios2-elf/lib/mno-hw-mul\libc.a(lib_a-exit.o)
 .debug_loc     0x000000000000004a      0x126 e:/intelfpga_lite/18.1/nios2eds/bin/gnu/h-x86_64-mingw32/bin/../lib/gcc/nios2-elf/5.3.0/../../../../../H-x86_64-mingw32/nios2-elf/lib/mno-hw-mul\libc.a(lib_a-memcmp.o)
 .debug_loc     0x0000000000000170      0x266 e:/intelfpga_lite/18.1/nios2eds/bin/gnu/h-x86_64-mingw32/bin/../lib/gcc/nios2-elf/5.3.0/../../../../../H-x86_64-mingw32/nios2-elf/lib/mno-hw-mul\libc.a(lib_a-memcpy.o)
 .debug_loc     0x00000000000003d6       0x47 e:/intelfpga_lite/18.1/nios2eds/bin/gnu/h-x86_64-mingw32/bin/../lib/gcc/nios2-elf/5.3.0/../../../../../H-x86_64-mingw32/nios2-elf/lib/mno-hw-mul\libc.a(lib_a-strlen.o)
 .debug_loc     0x000000000000041d      0x185 e:/intelfpga_lite/18.1/nios2eds/bin/gnu/h-x86_64-mingw32/bin/../lib/gcc/nios2-elf/5.3.0/../../../../../H-x86_64-mingw32/nios2-elf/lib/mno-hw-mul\libc.a(lib_a-__atexit.o)
 .debug_loc     0x00000000000005a2      0x1ce e:/intelfpga_lite/18.1/nios2eds/bin/gnu/h-x86_64-mingw32/bin/../lib/gcc/nios2-elf/5.3.0/../../../../../H-x86_64-mingw32/nios2-elf/lib/mno-hw-mul\libc.a(lib_a-__call_atexit.o)
 .debug_loc     0x0000000000000770       0x93 e:/intelfpga_lite/18.1/nios2eds/bin/gnu/h-x86_64-mingw32/bin/../lib/gcc/nios2-elf/5.3.0/mno-hw-mul\libgcc.a(lib2-mul.o)

.debug_macinfo
 *(.debug_macinfo)

.debug_weaknames
 *(.debug_weaknames)

.debug_funcnames
 *(.debug_funcnames)

.debug_typenames
 *(.debug_typenames)

.debug_varnames
 *(.debug_varnames)

.debug_alt_sim_info
                0x0000000000000000       0x10
 *(.debug_alt_sim_info)
 .debug_alt_sim_info
                0x0000000000000000       0x10 ../2D_Radar_bsp//obj/HAL/src/crt0.o
                0x0000000004000000                __alt_data_end = 0x4000000
                0x0000000004000000                PROVIDE (__alt_stack_pointer, __alt_data_end)
                [!provide]                        PROVIDE (__alt_stack_limit, __alt_stack_base)
                [!provide]                        PROVIDE (__alt_heap_start, end)
                [!provide]                        PROVIDE (__alt_heap_limit, 0x4000000)
OUTPUT(2D_Radar.elf elf32-littlenios2)

.debug_ranges   0x0000000000000000      0x178
 .debug_ranges  0x0000000000000000       0x20 ../2D_Radar_bsp//obj/HAL/src/crt0.o
 .debug_ranges  0x0000000000000020       0x30 ../2D_Radar_bsp/\libhal_bsp.a(altera_avalon_jtag_uart_init.o)
 .debug_ranges  0x0000000000000050       0x18 ../2D_Radar_bsp/\libhal_bsp.a(altera_avalon_jtag_uart_read.o)
 .debug_ranges  0x0000000000000068       0x28 ../2D_Radar_bsp/\libhal_bsp.a(alt_irq_entry.o)
 .debug_ranges  0x0000000000000090       0x10 ../2D_Radar_bsp/\libhal_bsp.a(alt_irq_handler.o)
 .debug_ranges  0x00000000000000a0       0x30 ../2D_Radar_bsp/\libhal_bsp.a(alt_exception_entry.o)
 .debug_ranges  0x00000000000000d0       0x18 ../2D_Radar_bsp/\libhal_bsp.a(alt_instruction_exception_entry.o)
 .debug_ranges  0x00000000000000e8       0x10 e:/intelfpga_lite/18.1/nios2eds/bin/gnu/h-x86_64-mingw32/bin/../lib/gcc/nios2-elf/5.3.0/../../../../../H-x86_64-mingw32/nios2-elf/lib/mno-hw-mul\libc.a(lib_a-atexit.o)
 .debug_ranges  0x00000000000000f8       0x10 e:/intelfpga_lite/18.1/nios2eds/bin/gnu/h-x86_64-mingw32/bin/../lib/gcc/nios2-elf/5.3.0/../../../../../H-x86_64-mingw32/nios2-elf/lib/mno-hw-mul\libc.a(lib_a-exit.o)
 .debug_ranges  0x0000000000000108       0x10 e:/intelfpga_lite/18.1/nios2eds/bin/gnu/h-x86_64-mingw32/bin/../lib/gcc/nios2-elf/5.3.0/../../../../../H-x86_64-mingw32/nios2-elf/lib/mno-hw-mul\libc.a(lib_a-memcmp.o)
 .debug_ranges  0x0000000000000118       0x10 e:/intelfpga_lite/18.1/nios2eds/bin/gnu/h-x86_64-mingw32/bin/../lib/gcc/nios2-elf/5.3.0/../../../../../H-x86_64-mingw32/nios2-elf/lib/mno-hw-mul\libc.a(lib_a-memcpy.o)
 .debug_ranges  0x0000000000000128       0x10 e:/intelfpga_lite/18.1/nios2eds/bin/gnu/h-x86_64-mingw32/bin/../lib/gcc/nios2-elf/5.3.0/../../../../../H-x86_64-mingw32/nios2-elf/lib/mno-hw-mul\libc.a(lib_a-strlen.o)
 .debug_ranges  0x0000000000000138       0x10 e:/intelfpga_lite/18.1/nios2eds/bin/gnu/h-x86_64-mingw32/bin/../lib/gcc/nios2-elf/5.3.0/../../../../../H-x86_64-mingw32/nios2-elf/lib/mno-hw-mul\libc.a(lib_a-__atexit.o)
 .debug_ranges  0x0000000000000148       0x30 e:/intelfpga_lite/18.1/nios2eds/bin/gnu/h-x86_64-mingw32/bin/../lib/gcc/nios2-elf/5.3.0/../../../../../H-x86_64-mingw32/nios2-elf/lib/mno-hw-mul\libc.a(lib_a-__call_atexit.o)
